<?xml version="1.0" encoding="ISO-8859-1" ?>
<link_info>
   <banner>TI ARM Clang Linker PC v4.0.3.LTS</banner>
   <copyright>Copyright (c) 1996-2018 Texas Instruments Incorporated</copyright>
   <command_line>C:\ti\ccs2020\ccs\tools\compiler\ti-cgt-armllvm_4.0.3.LTS\bin\tiarmlnk -IC:\ti\ccs2020\ccs\tools\compiler\ti-cgt-armllvm_4.0.3.LTS\lib -o Template_Old.out -mTemplate_Old.map -iC:/ti/mspm0_sdk_2_05_01_00/source -iC:/Users/62705/workspace_ccstheia/Template_Old -iC:/Users/62705/workspace_ccstheia/Template_Old/Debug/syscfg -iC:/ti/ccs2020/ccs/tools/compiler/ti-cgt-armllvm_4.0.3.LTS/lib --diag_wrap=off --display_error_number --warn_sections --xml_link_info=Template_Old_linkInfo.xml --rom_model ./ti_msp_dl_config.o ./startup_mspm0g350x_ticlang.o ./main.o ./Drivers/Gray_Sensor/gray_sensor.o ./Drivers/K230_UART/K230_UART.o ./Drivers/Key/key.o ./Drivers/MPU6050/inv_mpu.o ./Drivers/MPU6050/inv_mpu_dmp_motion_driver.o ./Drivers/MPU6050/mpu6050.o ./Drivers/MPU6050/mspm0_i2c.o ./Drivers/MSPM0/clock.o ./Drivers/MSPM0/interrupt.o ./Drivers/OLED_Hardware_I2C/oled_hardware_i2c.o ./Drivers/SERVO/servo.o ./Drivers/TB6612/tb6612.o -l./device_linker.cmd -ldevice.cmd.genlibs -llibc.a -lC:/ti/mspm0_sdk_2_05_01_00/source/ti/driverlib/lib/ticlang/m0p/mspm0g1x0x_g3x0x/driverlib.a --start-group -llibc++.a -llibc++abi.a -llibc.a -llibsys.a -llibsysbm.a -llibclang_rt.builtins.a -llibclang_rt.profile.a --end-group --cg_opt_level=0</command_line>
   <link_time>0x688ae16c</link_time>
   <link_errors>0x0</link_errors>
   <output_file>C:\Users\62705\workspace_ccstheia\Template_Old\Debug\Template_Old.out</output_file>
   <entry_point>
      <name>_c_int00_noargs</name>
      <address>0x3075</address>
   </entry_point>
   <input_file_list>
      <input_file id="fl-1">
         <path>C:\Users\62705\workspace_ccstheia\Template_Old\Debug\.\</path>
         <kind>object</kind>
         <file>ti_msp_dl_config.o</file>
         <name>ti_msp_dl_config.o</name>
      </input_file>
      <input_file id="fl-2">
         <path>C:\Users\62705\workspace_ccstheia\Template_Old\Debug\.\</path>
         <kind>object</kind>
         <file>startup_mspm0g350x_ticlang.o</file>
         <name>startup_mspm0g350x_ticlang.o</name>
      </input_file>
      <input_file id="fl-3">
         <path>C:\Users\62705\workspace_ccstheia\Template_Old\Debug\.\</path>
         <kind>object</kind>
         <file>main.o</file>
         <name>main.o</name>
      </input_file>
      <input_file id="fl-4">
         <path>C:\Users\62705\workspace_ccstheia\Template_Old\Debug\.\Drivers\Gray_Sensor\</path>
         <kind>object</kind>
         <file>gray_sensor.o</file>
         <name>gray_sensor.o</name>
      </input_file>
      <input_file id="fl-5">
         <path>C:\Users\62705\workspace_ccstheia\Template_Old\Debug\.\Drivers\K230_UART\</path>
         <kind>object</kind>
         <file>K230_UART.o</file>
         <name>K230_UART.o</name>
      </input_file>
      <input_file id="fl-6">
         <path>C:\Users\62705\workspace_ccstheia\Template_Old\Debug\.\Drivers\Key\</path>
         <kind>object</kind>
         <file>key.o</file>
         <name>key.o</name>
      </input_file>
      <input_file id="fl-7">
         <path>C:\Users\62705\workspace_ccstheia\Template_Old\Debug\.\Drivers\MPU6050\</path>
         <kind>object</kind>
         <file>inv_mpu.o</file>
         <name>inv_mpu.o</name>
      </input_file>
      <input_file id="fl-8">
         <path>C:\Users\62705\workspace_ccstheia\Template_Old\Debug\.\Drivers\MPU6050\</path>
         <kind>object</kind>
         <file>inv_mpu_dmp_motion_driver.o</file>
         <name>inv_mpu_dmp_motion_driver.o</name>
      </input_file>
      <input_file id="fl-9">
         <path>C:\Users\62705\workspace_ccstheia\Template_Old\Debug\.\Drivers\MPU6050\</path>
         <kind>object</kind>
         <file>mpu6050.o</file>
         <name>mpu6050.o</name>
      </input_file>
      <input_file id="fl-a">
         <path>C:\Users\62705\workspace_ccstheia\Template_Old\Debug\.\Drivers\MPU6050\</path>
         <kind>object</kind>
         <file>mspm0_i2c.o</file>
         <name>mspm0_i2c.o</name>
      </input_file>
      <input_file id="fl-b">
         <path>C:\Users\62705\workspace_ccstheia\Template_Old\Debug\.\Drivers\MSPM0\</path>
         <kind>object</kind>
         <file>clock.o</file>
         <name>clock.o</name>
      </input_file>
      <input_file id="fl-c">
         <path>C:\Users\62705\workspace_ccstheia\Template_Old\Debug\.\Drivers\MSPM0\</path>
         <kind>object</kind>
         <file>interrupt.o</file>
         <name>interrupt.o</name>
      </input_file>
      <input_file id="fl-d">
         <path>C:\Users\62705\workspace_ccstheia\Template_Old\Debug\.\Drivers\OLED_Hardware_I2C\</path>
         <kind>object</kind>
         <file>oled_hardware_i2c.o</file>
         <name>oled_hardware_i2c.o</name>
      </input_file>
      <input_file id="fl-e">
         <path>C:\Users\62705\workspace_ccstheia\Template_Old\Debug\.\Drivers\SERVO\</path>
         <kind>object</kind>
         <file>servo.o</file>
         <name>servo.o</name>
      </input_file>
      <input_file id="fl-f">
         <path>C:\Users\62705\workspace_ccstheia\Template_Old\Debug\.\Drivers\TB6612\</path>
         <kind>object</kind>
         <file>tb6612.o</file>
         <name>tb6612.o</name>
      </input_file>
      <input_file id="fl-1d">
         <path>C:\Users\62705\workspace_ccstheia\Template_Old\Debug\</path>
         <kind>object</kind>
         <file>&lt;internal&gt;</file>
         <name>&lt;internal&gt;</name>
      </input_file>
      <input_file id="fl-1e">
         <path>C:\ti\mspm0_sdk_2_05_01_00\source\ti\driverlib\lib\ticlang\m0p\mspm0g1x0x_g3x0x\</path>
         <kind>archive</kind>
         <file>driverlib.a</file>
         <name>dl_common.o</name>
      </input_file>
      <input_file id="fl-1f">
         <path>C:\ti\mspm0_sdk_2_05_01_00\source\ti\driverlib\lib\ticlang\m0p\mspm0g1x0x_g3x0x\</path>
         <kind>archive</kind>
         <file>driverlib.a</file>
         <name>dl_i2c.o</name>
      </input_file>
      <input_file id="fl-20">
         <path>C:\ti\mspm0_sdk_2_05_01_00\source\ti\driverlib\lib\ticlang\m0p\mspm0g1x0x_g3x0x\</path>
         <kind>archive</kind>
         <file>driverlib.a</file>
         <name>dl_timer.o</name>
      </input_file>
      <input_file id="fl-21">
         <path>C:\ti\mspm0_sdk_2_05_01_00\source\ti\driverlib\lib\ticlang\m0p\mspm0g1x0x_g3x0x\</path>
         <kind>archive</kind>
         <file>driverlib.a</file>
         <name>dl_uart.o</name>
      </input_file>
      <input_file id="fl-38">
         <path>C:\ti\ccs2020\ccs\tools\compiler\ti-cgt-armllvm_4.0.3.LTS\lib\armv6m-ti-none-eabi\c\</path>
         <kind>archive</kind>
         <file>libc.a</file>
         <name>e_asin.c.obj</name>
      </input_file>
      <input_file id="fl-39">
         <path>C:\ti\ccs2020\ccs\tools\compiler\ti-cgt-armllvm_4.0.3.LTS\lib\armv6m-ti-none-eabi\c\</path>
         <kind>archive</kind>
         <file>libc.a</file>
         <name>e_atan2.c.obj</name>
      </input_file>
      <input_file id="fl-3a">
         <path>C:\ti\ccs2020\ccs\tools\compiler\ti-cgt-armllvm_4.0.3.LTS\lib\armv6m-ti-none-eabi\c\</path>
         <kind>archive</kind>
         <file>libc.a</file>
         <name>e_sqrt.c.obj</name>
      </input_file>
      <input_file id="fl-3b">
         <path>C:\ti\ccs2020\ccs\tools\compiler\ti-cgt-armllvm_4.0.3.LTS\lib\armv6m-ti-none-eabi\c\</path>
         <kind>archive</kind>
         <file>libc.a</file>
         <name>s_atan.c.obj</name>
      </input_file>
      <input_file id="fl-3c">
         <path>C:\ti\ccs2020\ccs\tools\compiler\ti-cgt-armllvm_4.0.3.LTS\lib\armv6m-ti-none-eabi\c\</path>
         <kind>archive</kind>
         <file>libc.a</file>
         <name>aeabi_portable.c.obj</name>
      </input_file>
      <input_file id="fl-3d">
         <path>C:\ti\ccs2020\ccs\tools\compiler\ti-cgt-armllvm_4.0.3.LTS\lib\armv6m-ti-none-eabi\c\</path>
         <kind>archive</kind>
         <file>libc.a</file>
         <name>assert.c.obj</name>
      </input_file>
      <input_file id="fl-3e">
         <path>C:\ti\ccs2020\ccs\tools\compiler\ti-cgt-armllvm_4.0.3.LTS\lib\armv6m-ti-none-eabi\c\</path>
         <kind>archive</kind>
         <file>libc.a</file>
         <name>defs.c.obj</name>
      </input_file>
      <input_file id="fl-3f">
         <path>C:\ti\ccs2020\ccs\tools\compiler\ti-cgt-armllvm_4.0.3.LTS\lib\armv6m-ti-none-eabi\c\</path>
         <kind>archive</kind>
         <file>libc.a</file>
         <name>memcmp.c.obj</name>
      </input_file>
      <input_file id="fl-40">
         <path>C:\ti\ccs2020\ccs\tools\compiler\ti-cgt-armllvm_4.0.3.LTS\lib\armv6m-ti-none-eabi\c\</path>
         <kind>archive</kind>
         <file>libc.a</file>
         <name>memory.c.obj</name>
      </input_file>
      <input_file id="fl-41">
         <path>C:\ti\ccs2020\ccs\tools\compiler\ti-cgt-armllvm_4.0.3.LTS\lib\armv6m-ti-none-eabi\c\</path>
         <kind>archive</kind>
         <file>libc.a</file>
         <name>boot_cortex_m.c.obj</name>
      </input_file>
      <input_file id="fl-42">
         <path>C:\ti\ccs2020\ccs\tools\compiler\ti-cgt-armllvm_4.0.3.LTS\lib\armv6m-ti-none-eabi\c\</path>
         <kind>archive</kind>
         <file>libc.a</file>
         <name>mathacl_init.c.obj</name>
      </input_file>
      <input_file id="fl-43">
         <path>C:\ti\ccs2020\ccs\tools\compiler\ti-cgt-armllvm_4.0.3.LTS\lib\armv6m-ti-none-eabi\c\</path>
         <kind>archive</kind>
         <file>libc.a</file>
         <name>autoinit.c.obj</name>
      </input_file>
      <input_file id="fl-44">
         <path>C:\ti\ccs2020\ccs\tools\compiler\ti-cgt-armllvm_4.0.3.LTS\lib\armv6m-ti-none-eabi\c\</path>
         <kind>archive</kind>
         <file>libc.a</file>
         <name>pre_init.c.obj</name>
      </input_file>
      <input_file id="fl-45">
         <path>C:\ti\ccs2020\ccs\tools\compiler\ti-cgt-armllvm_4.0.3.LTS\lib\armv6m-ti-none-eabi\c\</path>
         <kind>archive</kind>
         <file>libc.a</file>
         <name>cpy_tbl.c.obj</name>
      </input_file>
      <input_file id="fl-46">
         <path>C:\ti\ccs2020\ccs\tools\compiler\ti-cgt-armllvm_4.0.3.LTS\lib\armv6m-ti-none-eabi\c\</path>
         <kind>archive</kind>
         <file>libc.a</file>
         <name>copy_zero_init.c.obj</name>
      </input_file>
      <input_file id="fl-47">
         <path>C:\ti\ccs2020\ccs\tools\compiler\ti-cgt-armllvm_4.0.3.LTS\lib\armv6m-ti-none-eabi\c\</path>
         <kind>archive</kind>
         <file>libc.a</file>
         <name>copy_decompress_none.c.obj</name>
      </input_file>
      <input_file id="fl-48">
         <path>C:\ti\ccs2020\ccs\tools\compiler\ti-cgt-armllvm_4.0.3.LTS\lib\armv6m-ti-none-eabi\c\</path>
         <kind>archive</kind>
         <file>libc.a</file>
         <name>copy_decompress_lzss.c.obj</name>
      </input_file>
      <input_file id="fl-49">
         <path>C:\ti\ccs2020\ccs\tools\compiler\ti-cgt-armllvm_4.0.3.LTS\lib\armv6m-ti-none-eabi\c\</path>
         <kind>archive</kind>
         <file>libc.a</file>
         <name>sprintf.c.obj</name>
      </input_file>
      <input_file id="fl-4a">
         <path>C:\ti\ccs2020\ccs\tools\compiler\ti-cgt-armllvm_4.0.3.LTS\lib\armv6m-ti-none-eabi\c\</path>
         <kind>archive</kind>
         <file>libc.a</file>
         <name>fflush.c.obj</name>
      </input_file>
      <input_file id="fl-4b">
         <path>C:\ti\ccs2020\ccs\tools\compiler\ti-cgt-armllvm_4.0.3.LTS\lib\armv6m-ti-none-eabi\c\</path>
         <kind>archive</kind>
         <file>libc.a</file>
         <name>fputs.c.obj</name>
      </input_file>
      <input_file id="fl-4c">
         <path>C:\ti\ccs2020\ccs\tools\compiler\ti-cgt-armllvm_4.0.3.LTS\lib\armv6m-ti-none-eabi\c\</path>
         <kind>archive</kind>
         <file>libc.a</file>
         <name>_io_perm.c.obj</name>
      </input_file>
      <input_file id="fl-4d">
         <path>C:\ti\ccs2020\ccs\tools\compiler\ti-cgt-armllvm_4.0.3.LTS\lib\armv6m-ti-none-eabi\c\</path>
         <kind>archive</kind>
         <file>libc.a</file>
         <name>setvbuf.c.obj</name>
      </input_file>
      <input_file id="fl-4e">
         <path>C:\ti\ccs2020\ccs\tools\compiler\ti-cgt-armllvm_4.0.3.LTS\lib\armv6m-ti-none-eabi\c\</path>
         <kind>archive</kind>
         <file>libc.a</file>
         <name>exit.c.obj</name>
      </input_file>
      <input_file id="fl-4f">
         <path>C:\ti\ccs2020\ccs\tools\compiler\ti-cgt-armllvm_4.0.3.LTS\lib\armv6m-ti-none-eabi\c\</path>
         <kind>archive</kind>
         <file>libc.a</file>
         <name>_lock.c.obj</name>
      </input_file>
      <input_file id="fl-50">
         <path>C:\ti\ccs2020\ccs\tools\compiler\ti-cgt-armllvm_4.0.3.LTS\lib\armv6m-ti-none-eabi\c\</path>
         <kind>archive</kind>
         <file>libc.a</file>
         <name>args_main.c.obj</name>
      </input_file>
      <input_file id="fl-51">
         <path>C:\ti\ccs2020\ccs\tools\compiler\ti-cgt-armllvm_4.0.3.LTS\lib\armv6m-ti-none-eabi\c\</path>
         <kind>archive</kind>
         <file>libc.a</file>
         <name>_printfi.c.obj</name>
      </input_file>
      <input_file id="fl-52">
         <path>C:\ti\ccs2020\ccs\tools\compiler\ti-cgt-armllvm_4.0.3.LTS\lib\armv6m-ti-none-eabi\c\</path>
         <kind>archive</kind>
         <file>libc.a</file>
         <name>fopen.c.obj</name>
      </input_file>
      <input_file id="fl-53">
         <path>C:\ti\ccs2020\ccs\tools\compiler\ti-cgt-armllvm_4.0.3.LTS\lib\armv6m-ti-none-eabi\c\</path>
         <kind>archive</kind>
         <file>libc.a</file>
         <name>fseek.c.obj</name>
      </input_file>
      <input_file id="fl-54">
         <path>C:\ti\ccs2020\ccs\tools\compiler\ti-cgt-armllvm_4.0.3.LTS\lib\armv6m-ti-none-eabi\c\</path>
         <kind>archive</kind>
         <file>libc.a</file>
         <name>s_frexp.c.obj</name>
      </input_file>
      <input_file id="fl-55">
         <path>C:\ti\ccs2020\ccs\tools\compiler\ti-cgt-armllvm_4.0.3.LTS\lib\armv6m-ti-none-eabi\c\</path>
         <kind>archive</kind>
         <file>libc.a</file>
         <name>s_scalbn.c.obj</name>
      </input_file>
      <input_file id="fl-56">
         <path>C:\ti\ccs2020\ccs\tools\compiler\ti-cgt-armllvm_4.0.3.LTS\lib\armv6m-ti-none-eabi\c\</path>
         <kind>archive</kind>
         <file>libc.a</file>
         <name>wcslen.c.obj</name>
      </input_file>
      <input_file id="fl-57">
         <path>C:\ti\ccs2020\ccs\tools\compiler\ti-cgt-armllvm_4.0.3.LTS\lib\armv6m-ti-none-eabi\c\</path>
         <kind>archive</kind>
         <file>libc.a</file>
         <name>_ltoa.c.obj</name>
      </input_file>
      <input_file id="fl-58">
         <path>C:\ti\ccs2020\ccs\tools\compiler\ti-cgt-armllvm_4.0.3.LTS\lib\armv6m-ti-none-eabi\c\</path>
         <kind>archive</kind>
         <file>libc.a</file>
         <name>atoi.c.obj</name>
      </input_file>
      <input_file id="fl-59">
         <path>C:\ti\ccs2020\ccs\tools\compiler\ti-cgt-armllvm_4.0.3.LTS\lib\armv6m-ti-none-eabi\c\</path>
         <kind>archive</kind>
         <file>libc.a</file>
         <name>memccpy.c.obj</name>
      </input_file>
      <input_file id="fl-5a">
         <path>C:\ti\ccs2020\ccs\tools\compiler\ti-cgt-armllvm_4.0.3.LTS\lib\armv6m-ti-none-eabi\c\</path>
         <kind>archive</kind>
         <file>libc.a</file>
         <name>fclose.c.obj</name>
      </input_file>
      <input_file id="fl-5b">
         <path>C:\ti\ccs2020\ccs\tools\compiler\ti-cgt-armllvm_4.0.3.LTS\lib\armv6m-ti-none-eabi\c\</path>
         <kind>archive</kind>
         <file>libc.a</file>
         <name>aeabi_ctype.S.obj</name>
      </input_file>
      <input_file id="fl-fb">
         <path>C:\ti\ccs2020\ccs\tools\compiler\ti-cgt-armllvm_4.0.3.LTS\lib\armv6m-ti-none-eabi\c\</path>
         <kind>archive</kind>
         <file>libsysbm.a</file>
         <name>hostexit.c.obj</name>
      </input_file>
      <input_file id="fl-fc">
         <path>C:\ti\ccs2020\ccs\tools\compiler\ti-cgt-armllvm_4.0.3.LTS\lib\armv6m-ti-none-eabi\c\</path>
         <kind>archive</kind>
         <file>libsysbm.a</file>
         <name>write.c.obj</name>
      </input_file>
      <input_file id="fl-fd">
         <path>C:\ti\ccs2020\ccs\tools\compiler\ti-cgt-armllvm_4.0.3.LTS\lib\armv6m-ti-none-eabi\c\</path>
         <kind>archive</kind>
         <file>libsysbm.a</file>
         <name>host_device.c.obj</name>
      </input_file>
      <input_file id="fl-fe">
         <path>C:\ti\ccs2020\ccs\tools\compiler\ti-cgt-armllvm_4.0.3.LTS\lib\armv6m-ti-none-eabi\c\</path>
         <kind>archive</kind>
         <file>libsysbm.a</file>
         <name>remove.c.obj</name>
      </input_file>
      <input_file id="fl-ff">
         <path>C:\ti\ccs2020\ccs\tools\compiler\ti-cgt-armllvm_4.0.3.LTS\lib\armv6m-ti-none-eabi\c\</path>
         <kind>archive</kind>
         <file>libsysbm.a</file>
         <name>open.c.obj</name>
      </input_file>
      <input_file id="fl-100">
         <path>C:\ti\ccs2020\ccs\tools\compiler\ti-cgt-armllvm_4.0.3.LTS\lib\armv6m-ti-none-eabi\c\</path>
         <kind>archive</kind>
         <file>libsysbm.a</file>
         <name>lseek.c.obj</name>
      </input_file>
      <input_file id="fl-101">
         <path>C:\ti\ccs2020\ccs\tools\compiler\ti-cgt-armllvm_4.0.3.LTS\lib\armv6m-ti-none-eabi\c\</path>
         <kind>archive</kind>
         <file>libsysbm.a</file>
         <name>close.c.obj</name>
      </input_file>
      <input_file id="fl-102">
         <path>C:\ti\ccs2020\ccs\tools\compiler\ti-cgt-armllvm_4.0.3.LTS\lib\armv6m-ti-none-eabi\c\</path>
         <kind>archive</kind>
         <file>libsysbm.a</file>
         <name>unlink.c.obj</name>
      </input_file>
      <input_file id="fl-103">
         <path>C:\ti\ccs2020\ccs\tools\compiler\ti-cgt-armllvm_4.0.3.LTS\lib\armv6m-ti-none-eabi\c\</path>
         <kind>archive</kind>
         <file>libsysbm.a</file>
         <name>hostclose.c.obj</name>
      </input_file>
      <input_file id="fl-104">
         <path>C:\ti\ccs2020\ccs\tools\compiler\ti-cgt-armllvm_4.0.3.LTS\lib\armv6m-ti-none-eabi\c\</path>
         <kind>archive</kind>
         <file>libsysbm.a</file>
         <name>hostlseek.c.obj</name>
      </input_file>
      <input_file id="fl-105">
         <path>C:\ti\ccs2020\ccs\tools\compiler\ti-cgt-armllvm_4.0.3.LTS\lib\armv6m-ti-none-eabi\c\</path>
         <kind>archive</kind>
         <file>libsysbm.a</file>
         <name>hostopen.c.obj</name>
      </input_file>
      <input_file id="fl-106">
         <path>C:\ti\ccs2020\ccs\tools\compiler\ti-cgt-armllvm_4.0.3.LTS\lib\armv6m-ti-none-eabi\c\</path>
         <kind>archive</kind>
         <file>libsysbm.a</file>
         <name>hostread.c.obj</name>
      </input_file>
      <input_file id="fl-107">
         <path>C:\ti\ccs2020\ccs\tools\compiler\ti-cgt-armllvm_4.0.3.LTS\lib\armv6m-ti-none-eabi\c\</path>
         <kind>archive</kind>
         <file>libsysbm.a</file>
         <name>hostrename.c.obj</name>
      </input_file>
      <input_file id="fl-108">
         <path>C:\ti\ccs2020\ccs\tools\compiler\ti-cgt-armllvm_4.0.3.LTS\lib\armv6m-ti-none-eabi\c\</path>
         <kind>archive</kind>
         <file>libsysbm.a</file>
         <name>hostunlink.c.obj</name>
      </input_file>
      <input_file id="fl-109">
         <path>C:\ti\ccs2020\ccs\tools\compiler\ti-cgt-armllvm_4.0.3.LTS\lib\armv6m-ti-none-eabi\c\</path>
         <kind>archive</kind>
         <file>libsysbm.a</file>
         <name>hostwrite.c.obj</name>
      </input_file>
      <input_file id="fl-10a">
         <path>C:\ti\ccs2020\ccs\tools\compiler\ti-cgt-armllvm_4.0.3.LTS\lib\armv6m-ti-none-eabi\c\</path>
         <kind>archive</kind>
         <file>libsysbm.a</file>
         <name>trgmsg.c.obj</name>
      </input_file>
      <input_file id="fl-10b">
         <path>C:\ti\ccs2020\ccs\tools\compiler\ti-cgt-armllvm_4.0.3.LTS\lib\armv6m-ti-none-eabi\</path>
         <kind>archive</kind>
         <file>libclang_rt.builtins.a</file>
         <name>addsf3.S.obj</name>
      </input_file>
      <input_file id="fl-10c">
         <path>C:\ti\ccs2020\ccs\tools\compiler\ti-cgt-armllvm_4.0.3.LTS\lib\armv6m-ti-none-eabi\</path>
         <kind>archive</kind>
         <file>libclang_rt.builtins.a</file>
         <name>adddf3.S.obj</name>
      </input_file>
      <input_file id="fl-10d">
         <path>C:\ti\ccs2020\ccs\tools\compiler\ti-cgt-armllvm_4.0.3.LTS\lib\armv6m-ti-none-eabi\</path>
         <kind>archive</kind>
         <file>libclang_rt.builtins.a</file>
         <name>muldf3.S.obj</name>
      </input_file>
      <input_file id="fl-10e">
         <path>C:\ti\ccs2020\ccs\tools\compiler\ti-cgt-armllvm_4.0.3.LTS\lib\armv6m-ti-none-eabi\</path>
         <kind>archive</kind>
         <file>libclang_rt.builtins.a</file>
         <name>muldsi3.S.obj</name>
      </input_file>
      <input_file id="fl-10f">
         <path>C:\ti\ccs2020\ccs\tools\compiler\ti-cgt-armllvm_4.0.3.LTS\lib\armv6m-ti-none-eabi\</path>
         <kind>archive</kind>
         <file>libclang_rt.builtins.a</file>
         <name>mulsf3.S.obj</name>
      </input_file>
      <input_file id="fl-110">
         <path>C:\ti\ccs2020\ccs\tools\compiler\ti-cgt-armllvm_4.0.3.LTS\lib\armv6m-ti-none-eabi\</path>
         <kind>archive</kind>
         <file>libclang_rt.builtins.a</file>
         <name>divsf3.S.obj</name>
      </input_file>
      <input_file id="fl-111">
         <path>C:\ti\ccs2020\ccs\tools\compiler\ti-cgt-armllvm_4.0.3.LTS\lib\armv6m-ti-none-eabi\</path>
         <kind>archive</kind>
         <file>libclang_rt.builtins.a</file>
         <name>divdf3.S.obj</name>
      </input_file>
      <input_file id="fl-112">
         <path>C:\ti\ccs2020\ccs\tools\compiler\ti-cgt-armllvm_4.0.3.LTS\lib\armv6m-ti-none-eabi\</path>
         <kind>archive</kind>
         <file>libclang_rt.builtins.a</file>
         <name>extendsfdf2.S.obj</name>
      </input_file>
      <input_file id="fl-113">
         <path>C:\ti\ccs2020\ccs\tools\compiler\ti-cgt-armllvm_4.0.3.LTS\lib\armv6m-ti-none-eabi\</path>
         <kind>archive</kind>
         <file>libclang_rt.builtins.a</file>
         <name>fixdfsi.S.obj</name>
      </input_file>
      <input_file id="fl-114">
         <path>C:\ti\ccs2020\ccs\tools\compiler\ti-cgt-armllvm_4.0.3.LTS\lib\armv6m-ti-none-eabi\</path>
         <kind>archive</kind>
         <file>libclang_rt.builtins.a</file>
         <name>fixsfsi.S.obj</name>
      </input_file>
      <input_file id="fl-115">
         <path>C:\ti\ccs2020\ccs\tools\compiler\ti-cgt-armllvm_4.0.3.LTS\lib\armv6m-ti-none-eabi\</path>
         <kind>archive</kind>
         <file>libclang_rt.builtins.a</file>
         <name>floatsidf.S.obj</name>
      </input_file>
      <input_file id="fl-116">
         <path>C:\ti\ccs2020\ccs\tools\compiler\ti-cgt-armllvm_4.0.3.LTS\lib\armv6m-ti-none-eabi\</path>
         <kind>archive</kind>
         <file>libclang_rt.builtins.a</file>
         <name>floatsisf.S.obj</name>
      </input_file>
      <input_file id="fl-117">
         <path>C:\ti\ccs2020\ccs\tools\compiler\ti-cgt-armllvm_4.0.3.LTS\lib\armv6m-ti-none-eabi\</path>
         <kind>archive</kind>
         <file>libclang_rt.builtins.a</file>
         <name>floatunsisf.S.obj</name>
      </input_file>
      <input_file id="fl-118">
         <path>C:\ti\ccs2020\ccs\tools\compiler\ti-cgt-armllvm_4.0.3.LTS\lib\armv6m-ti-none-eabi\</path>
         <kind>archive</kind>
         <file>libclang_rt.builtins.a</file>
         <name>muldi3.S.obj</name>
      </input_file>
      <input_file id="fl-119">
         <path>C:\ti\ccs2020\ccs\tools\compiler\ti-cgt-armllvm_4.0.3.LTS\lib\armv6m-ti-none-eabi\</path>
         <kind>archive</kind>
         <file>libclang_rt.builtins.a</file>
         <name>truncdfsf2.S.obj</name>
      </input_file>
      <input_file id="fl-11a">
         <path>C:\ti\ccs2020\ccs\tools\compiler\ti-cgt-armllvm_4.0.3.LTS\lib\armv6m-ti-none-eabi\</path>
         <kind>archive</kind>
         <file>libclang_rt.builtins.a</file>
         <name>aeabi_dcmp.S.obj</name>
      </input_file>
      <input_file id="fl-11b">
         <path>C:\ti\ccs2020\ccs\tools\compiler\ti-cgt-armllvm_4.0.3.LTS\lib\armv6m-ti-none-eabi\</path>
         <kind>archive</kind>
         <file>libclang_rt.builtins.a</file>
         <name>aeabi_fcmp.S.obj</name>
      </input_file>
      <input_file id="fl-11c">
         <path>C:\ti\ccs2020\ccs\tools\compiler\ti-cgt-armllvm_4.0.3.LTS\lib\armv6m-ti-none-eabi\</path>
         <kind>archive</kind>
         <file>libclang_rt.builtins.a</file>
         <name>aeabi_idivmod.S.obj</name>
      </input_file>
      <input_file id="fl-11d">
         <path>C:\ti\ccs2020\ccs\tools\compiler\ti-cgt-armllvm_4.0.3.LTS\lib\armv6m-ti-none-eabi\</path>
         <kind>archive</kind>
         <file>libclang_rt.builtins.a</file>
         <name>aeabi_ldivmod.S.obj</name>
      </input_file>
      <input_file id="fl-11e">
         <path>C:\ti\ccs2020\ccs\tools\compiler\ti-cgt-armllvm_4.0.3.LTS\lib\armv6m-ti-none-eabi\</path>
         <kind>archive</kind>
         <file>libclang_rt.builtins.a</file>
         <name>aeabi_memcpy.S.obj</name>
      </input_file>
      <input_file id="fl-11f">
         <path>C:\ti\ccs2020\ccs\tools\compiler\ti-cgt-armllvm_4.0.3.LTS\lib\armv6m-ti-none-eabi\</path>
         <kind>archive</kind>
         <file>libclang_rt.builtins.a</file>
         <name>aeabi_memset.S.obj</name>
      </input_file>
      <input_file id="fl-120">
         <path>C:\ti\ccs2020\ccs\tools\compiler\ti-cgt-armllvm_4.0.3.LTS\lib\armv6m-ti-none-eabi\</path>
         <kind>archive</kind>
         <file>libclang_rt.builtins.a</file>
         <name>aeabi_uidivmod.S.obj</name>
      </input_file>
      <input_file id="fl-121">
         <path>C:\ti\ccs2020\ccs\tools\compiler\ti-cgt-armllvm_4.0.3.LTS\lib\armv6m-ti-none-eabi\</path>
         <kind>archive</kind>
         <file>libclang_rt.builtins.a</file>
         <name>aeabi_uldivmod.S.obj</name>
      </input_file>
      <input_file id="fl-122">
         <path>C:\ti\ccs2020\ccs\tools\compiler\ti-cgt-armllvm_4.0.3.LTS\lib\armv6m-ti-none-eabi\</path>
         <kind>archive</kind>
         <file>libclang_rt.builtins.a</file>
         <name>comparesf2.S.obj</name>
      </input_file>
      <input_file id="fl-123">
         <path>C:\ti\ccs2020\ccs\tools\compiler\ti-cgt-armllvm_4.0.3.LTS\lib\armv6m-ti-none-eabi\</path>
         <kind>archive</kind>
         <file>libclang_rt.builtins.a</file>
         <name>udivmoddi4.S.obj</name>
      </input_file>
      <input_file id="fl-124">
         <path>C:\ti\ccs2020\ccs\tools\compiler\ti-cgt-armllvm_4.0.3.LTS\lib\armv6m-ti-none-eabi\</path>
         <kind>archive</kind>
         <file>libclang_rt.builtins.a</file>
         <name>ashldi3.S.obj</name>
      </input_file>
      <input_file id="fl-125">
         <path>C:\ti\ccs2020\ccs\tools\compiler\ti-cgt-armllvm_4.0.3.LTS\lib\armv6m-ti-none-eabi\</path>
         <kind>archive</kind>
         <file>libclang_rt.builtins.a</file>
         <name>comparedf2.c.obj</name>
      </input_file>
      <input_file id="fl-126">
         <path>C:\ti\ccs2020\ccs\tools\compiler\ti-cgt-armllvm_4.0.3.LTS\lib\armv6m-ti-none-eabi\</path>
         <kind>archive</kind>
         <file>libclang_rt.builtins.a</file>
         <name>divmoddi4.c.obj</name>
      </input_file>
      <input_file id="fl-127">
         <path>C:\ti\ccs2020\ccs\tools\compiler\ti-cgt-armllvm_4.0.3.LTS\lib\armv6m-ti-none-eabi\</path>
         <kind>archive</kind>
         <file>libclang_rt.builtins.a</file>
         <name>aeabi_div0.c.obj</name>
      </input_file>
      <input_file id="fl-128">
         <path>C:\ti\ccs2020\ccs\tools\compiler\ti-cgt-armllvm_4.0.3.LTS\lib\armv6m-ti-none-eabi\c\</path>
         <kind>archive</kind>
         <file>libc.a</file>
         <name>getdevice.c.obj</name>
      </input_file>
      <input_file id="fl-129">
         <path>C:\ti\ccs2020\ccs\tools\compiler\ti-cgt-armllvm_4.0.3.LTS\lib\armv6m-ti-none-eabi\c\</path>
         <kind>archive</kind>
         <file>libc.a</file>
         <name>memcpy16.S.obj</name>
      </input_file>
      <input_file id="fl-12a">
         <path>C:\ti\ccs2020\ccs\tools\compiler\ti-cgt-armllvm_4.0.3.LTS\lib\armv6m-ti-none-eabi\c\</path>
         <kind>archive</kind>
         <file>libc.a</file>
         <name>memset16.S.obj</name>
      </input_file>
      <input_file id="fl-12b">
         <path>C:\ti\ccs2020\ccs\tools\compiler\ti-cgt-armllvm_4.0.3.LTS\lib\armv6m-ti-none-eabi\c\</path>
         <kind>archive</kind>
         <file>libc.a</file>
         <name>strcmp-armv6m.S.obj</name>
      </input_file>
   </input_file_list>
   <object_component_list>
      <object_component id="oc-18">
         <name>.intvecs</name>
         <load_address>0x0</load_address>
         <readonly>true</readonly>
         <run_address>0x0</run_address>
         <size>0xc0</size>
         <alignment>0x4</alignment>
         <input_file_ref idref="fl-2"/>
      </object_component>
      <object_component id="oc-a9">
         <name>.text.asin</name>
         <load_address>0xc0</load_address>
         <readonly>true</readonly>
         <executable>true</executable>
         <run_address>0xc0</run_address>
         <size>0x364</size>
         <alignment>0x4</alignment>
         <input_file_ref idref="fl-38"/>
      </object_component>
      <object_component id="oc-13e">
         <name>.text.atan</name>
         <load_address>0x424</load_address>
         <readonly>true</readonly>
         <executable>true</executable>
         <run_address>0x424</run_address>
         <size>0x2f8</size>
         <alignment>0x4</alignment>
         <input_file_ref idref="fl-3b"/>
      </object_component>
      <object_component id="oc-14f">
         <name>.text.SYSCFG_DL_GPIO_init</name>
         <load_address>0x71c</load_address>
         <readonly>true</readonly>
         <executable>true</executable>
         <run_address>0x71c</run_address>
         <size>0x2d0</size>
         <alignment>0x4</alignment>
         <input_file_ref idref="fl-1"/>
      </object_component>
      <object_component id="oc-64">
         <name>.text.Read_Quad</name>
         <load_address>0x9ec</load_address>
         <readonly>true</readonly>
         <executable>true</executable>
         <run_address>0x9ec</run_address>
         <size>0x22c</size>
         <alignment>0x4</alignment>
         <input_file_ref idref="fl-9"/>
      </object_component>
      <object_component id="oc-111">
         <name>.text.mpu_reset_fifo</name>
         <load_address>0xc18</load_address>
         <readonly>true</readonly>
         <executable>true</executable>
         <run_address>0xc18</run_address>
         <size>0x22c</size>
         <alignment>0x4</alignment>
         <input_file_ref idref="fl-7"/>
      </object_component>
      <object_component id="oc-90">
         <name>.text.dmp_read_fifo</name>
         <load_address>0xe44</load_address>
         <readonly>true</readonly>
         <executable>true</executable>
         <run_address>0xe44</run_address>
         <size>0x1f4</size>
         <alignment>0x4</alignment>
         <input_file_ref idref="fl-8"/>
      </object_component>
      <object_component id="oc-125">
         <name>.text.adddf3_subdf3</name>
         <load_address>0x1038</load_address>
         <readonly>true</readonly>
         <executable>true</executable>
         <run_address>0x1038</run_address>
         <size>0x192</size>
         <alignment>0x4</alignment>
         <input_file_ref idref="fl-10c"/>
      </object_component>
      <object_component id="oc-3a">
         <name>.text.UART0_IRQHandler</name>
         <load_address>0x11ca</load_address>
         <readonly>true</readonly>
         <executable>true</executable>
         <run_address>0x11ca</run_address>
         <size>0x2</size>
         <alignment>0x2</alignment>
         <input_file_ref idref="fl-c"/>
      </object_component>
      <object_component id="oc-b7">
         <name>.text.atan2</name>
         <load_address>0x11cc</load_address>
         <readonly>true</readonly>
         <executable>true</executable>
         <run_address>0x11cc</run_address>
         <size>0x188</size>
         <alignment>0x4</alignment>
         <input_file_ref idref="fl-39"/>
      </object_component>
      <object_component id="oc-12f">
         <name>.text.sqrt</name>
         <load_address>0x1354</load_address>
         <readonly>true</readonly>
         <executable>true</executable>
         <run_address>0x1354</run_address>
         <size>0x170</size>
         <alignment>0x4</alignment>
         <input_file_ref idref="fl-3a"/>
      </object_component>
      <object_component id="oc-184">
         <name>.text.mspm0_i2c_read</name>
         <load_address>0x14c4</load_address>
         <readonly>true</readonly>
         <executable>true</executable>
         <run_address>0x14c4</run_address>
         <size>0x134</size>
         <alignment>0x4</alignment>
         <input_file_ref idref="fl-a"/>
      </object_component>
      <object_component id="oc-136">
         <name>.text.__divdf3</name>
         <load_address>0x15f8</load_address>
         <readonly>true</readonly>
         <executable>true</executable>
         <run_address>0x15f8</run_address>
         <size>0x10c</size>
         <alignment>0x4</alignment>
         <input_file_ref idref="fl-111"/>
      </object_component>
      <object_component id="oc-10c">
         <name>.text.mpu_read_fifo_stream</name>
         <load_address>0x1704</load_address>
         <readonly>true</readonly>
         <executable>true</executable>
         <run_address>0x1704</run_address>
         <size>0x108</size>
         <alignment>0x4</alignment>
         <input_file_ref idref="fl-7"/>
      </object_component>
      <object_component id="oc-1d1">
         <name>.text.DL_Timer_initFourCCPWMMode</name>
         <load_address>0x180c</load_address>
         <readonly>true</readonly>
         <executable>true</executable>
         <run_address>0x180c</run_address>
         <size>0x104</size>
         <alignment>0x4</alignment>
         <input_file_ref idref="fl-20"/>
      </object_component>
      <object_component id="oc-3b">
         <name>.text.TIMA1_IRQHandler</name>
         <load_address>0x1910</load_address>
         <readonly>true</readonly>
         <executable>true</executable>
         <run_address>0x1910</run_address>
         <size>0xfc</size>
         <alignment>0x4</alignment>
         <input_file_ref idref="fl-c"/>
      </object_component>
      <object_component id="oc-f1">
         <name>.text.K230_cmd</name>
         <load_address>0x1a0c</load_address>
         <readonly>true</readonly>
         <executable>true</executable>
         <run_address>0x1a0c</run_address>
         <size>0xf0</size>
         <alignment>0x4</alignment>
         <input_file_ref idref="fl-5"/>
      </object_component>
      <object_component id="oc-1dc">
         <name>.text.DL_Timer_initTimerMode</name>
         <load_address>0x1afc</load_address>
         <readonly>true</readonly>
         <executable>true</executable>
         <run_address>0x1afc</run_address>
         <size>0xe8</size>
         <alignment>0x4</alignment>
         <input_file_ref idref="fl-20"/>
      </object_component>
      <object_component id="oc-af">
         <name>.text.__muldf3</name>
         <load_address>0x1be4</load_address>
         <readonly>true</readonly>
         <executable>true</executable>
         <run_address>0x1be4</run_address>
         <size>0xe4</size>
         <alignment>0x4</alignment>
         <input_file_ref idref="fl-10d"/>
      </object_component>
      <object_component id="oc-a1">
         <name>.text</name>
         <load_address>0x1cc8</load_address>
         <readonly>true</readonly>
         <executable>true</executable>
         <run_address>0x1cc8</run_address>
         <size>0xd8</size>
         <alignment>0x4</alignment>
         <input_file_ref idref="fl-10b"/>
      </object_component>
      <object_component id="oc-39">
         <name>.text.GROUP1_IRQHandler</name>
         <load_address>0x1da0</load_address>
         <readonly>true</readonly>
         <executable>true</executable>
         <run_address>0x1da0</run_address>
         <size>0xc4</size>
         <alignment>0x4</alignment>
         <input_file_ref idref="fl-c"/>
      </object_component>
      <object_component id="oc-14e">
         <name>.text.SYSCFG_DL_initPower</name>
         <load_address>0x1e64</load_address>
         <readonly>true</readonly>
         <executable>true</executable>
         <run_address>0x1e64</run_address>
         <size>0xc4</size>
         <alignment>0x4</alignment>
         <input_file_ref idref="fl-1"/>
      </object_component>
      <object_component id="oc-190">
         <name>.text.mspm0_i2c_write</name>
         <load_address>0x1f28</load_address>
         <readonly>true</readonly>
         <executable>true</executable>
         <run_address>0x1f28</run_address>
         <size>0xc4</size>
         <alignment>0x4</alignment>
         <input_file_ref idref="fl-a"/>
      </object_component>
      <object_component id="oc-151">
         <name>.text.SYSCFG_DL_PWM_MOTOR_init</name>
         <load_address>0x1fec</load_address>
         <readonly>true</readonly>
         <executable>true</executable>
         <run_address>0x1fec</run_address>
         <size>0x90</size>
         <alignment>0x4</alignment>
         <input_file_ref idref="fl-1"/>
      </object_component>
      <object_component id="oc-152">
         <name>.text.SYSCFG_DL_PWM_SERVO_init</name>
         <load_address>0x207c</load_address>
         <readonly>true</readonly>
         <executable>true</executable>
         <run_address>0x207c</run_address>
         <size>0x8c</size>
         <alignment>0x4</alignment>
         <input_file_ref idref="fl-1"/>
      </object_component>
      <object_component id="oc-9d">
         <name>.text.__mulsf3</name>
         <load_address>0x2108</load_address>
         <readonly>true</readonly>
         <executable>true</executable>
         <run_address>0x2108</run_address>
         <size>0x8c</size>
         <alignment>0x4</alignment>
         <input_file_ref idref="fl-10f"/>
      </object_component>
      <object_component id="oc-112">
         <name>.text.decode_gesture</name>
         <load_address>0x2194</load_address>
         <readonly>true</readonly>
         <executable>true</executable>
         <run_address>0x2194</run_address>
         <size>0x8c</size>
         <alignment>0x4</alignment>
         <input_file_ref idref="fl-8"/>
      </object_component>
      <object_component id="oc-15f">
         <name>.text.__NVIC_SetPriority</name>
         <load_address>0x2220</load_address>
         <readonly>true</readonly>
         <executable>true</executable>
         <run_address>0x2220</run_address>
         <size>0x84</size>
         <alignment>0x4</alignment>
         <input_file_ref idref="fl-b"/>
      </object_component>
      <object_component id="oc-1ca">
         <name>.text.__NVIC_SetPriority</name>
         <load_address>0x22a4</load_address>
         <readonly>true</readonly>
         <executable>true</executable>
         <run_address>0x22a4</run_address>
         <size>0x84</size>
         <alignment>0x4</alignment>
         <input_file_ref idref="fl-1"/>
      </object_component>
      <object_component id="oc-99">
         <name>.text.__divsf3</name>
         <load_address>0x2328</load_address>
         <readonly>true</readonly>
         <executable>true</executable>
         <run_address>0x2328</run_address>
         <size>0x82</size>
         <alignment>0x4</alignment>
         <input_file_ref idref="fl-110"/>
      </object_component>
      <object_component id="oc-214">
         <name>.text.__aeabi_idiv0</name>
         <load_address>0x23aa</load_address>
         <readonly>true</readonly>
         <executable>true</executable>
         <run_address>0x23aa</run_address>
         <size>0x2</size>
         <alignment>0x2</alignment>
         <input_file_ref idref="fl-127"/>
      </object_component>
      <object_component id="oc-7e">
         <name>.text.main</name>
         <load_address>0x23ac</load_address>
         <readonly>true</readonly>
         <executable>true</executable>
         <run_address>0x23ac</run_address>
         <size>0x7c</size>
         <alignment>0x4</alignment>
         <input_file_ref idref="fl-3"/>
      </object_component>
      <object_component id="oc-1c">
         <name>.text:decompress:lzss</name>
         <load_address>0x2428</load_address>
         <readonly>true</readonly>
         <executable>true</executable>
         <run_address>0x2428</run_address>
         <size>0x7c</size>
         <alignment>0x4</alignment>
         <input_file_ref idref="fl-48"/>
      </object_component>
      <object_component id="oc-19d">
         <name>.text.__gedf2</name>
         <load_address>0x24a4</load_address>
         <readonly>true</readonly>
         <executable>true</executable>
         <run_address>0x24a4</run_address>
         <size>0x74</size>
         <alignment>0x4</alignment>
         <input_file_ref idref="fl-125"/>
      </object_component>
      <object_component id="oc-120">
         <name>.text.__aeabi_errno_addr</name>
         <load_address>0x2518</load_address>
         <readonly>true</readonly>
         <executable>true</executable>
         <run_address>0x2518</run_address>
         <size>0x8</size>
         <alignment>0x4</alignment>
         <input_file_ref idref="fl-3c"/>
      </object_component>
      <object_component id="oc-b3">
         <name>.text.__truncdfsf2</name>
         <load_address>0x2520</load_address>
         <readonly>true</readonly>
         <executable>true</executable>
         <run_address>0x2520</run_address>
         <size>0x74</size>
         <alignment>0x10</alignment>
         <input_file_ref idref="fl-119"/>
      </object_component>
      <object_component id="oc-ec">
         <name>.text.K230_Init</name>
         <load_address>0x2594</load_address>
         <readonly>true</readonly>
         <executable>true</executable>
         <run_address>0x2594</run_address>
         <size>0x70</size>
         <alignment>0x4</alignment>
         <input_file_ref idref="fl-5"/>
      </object_component>
      <object_component id="oc-197">
         <name>.text.__ledf2</name>
         <load_address>0x2604</load_address>
         <readonly>true</readonly>
         <executable>true</executable>
         <run_address>0x2604</run_address>
         <size>0x68</size>
         <alignment>0x4</alignment>
         <input_file_ref idref="fl-125"/>
      </object_component>
      <object_component id="oc-129">
         <name>.text.__aeabi_dcmp</name>
         <load_address>0x266c</load_address>
         <readonly>true</readonly>
         <executable>true</executable>
         <run_address>0x266c</run_address>
         <size>0x62</size>
         <alignment>0x4</alignment>
         <input_file_ref idref="fl-11a"/>
      </object_component>
      <object_component id="oc-20f">
         <name>.text.mpu6050_i2c_sda_unlock</name>
         <load_address>0x26d0</load_address>
         <readonly>true</readonly>
         <executable>true</executable>
         <run_address>0x26d0</run_address>
         <size>0x60</size>
         <alignment>0x4</alignment>
         <input_file_ref idref="fl-a"/>
      </object_component>
      <object_component id="oc-21d">
         <name>.text.DL_I2C_fillControllerTXFIFO</name>
         <load_address>0x2730</load_address>
         <readonly>true</readonly>
         <executable>true</executable>
         <run_address>0x2730</run_address>
         <size>0x5e</size>
         <alignment>0x2</alignment>
         <input_file_ref idref="fl-1f"/>
      </object_component>
      <object_component id="oc-e4">
         <name>.text.Interrupt_Init</name>
         <load_address>0x2790</load_address>
         <readonly>true</readonly>
         <executable>true</executable>
         <run_address>0x2790</run_address>
         <size>0x5c</size>
         <alignment>0x4</alignment>
         <input_file_ref idref="fl-c"/>
      </object_component>
      <object_component id="oc-22d">
         <name>.text.mspm0_i2c_enable</name>
         <load_address>0x27ec</load_address>
         <readonly>true</readonly>
         <executable>true</executable>
         <run_address>0x27ec</run_address>
         <size>0x5c</size>
         <alignment>0x4</alignment>
         <input_file_ref idref="fl-a"/>
      </object_component>
      <object_component id="oc-155">
         <name>.text.SYSCFG_DL_I2C_MPU6050_init</name>
         <load_address>0x2848</load_address>
         <readonly>true</readonly>
         <executable>true</executable>
         <run_address>0x2848</run_address>
         <size>0x58</size>
         <alignment>0x4</alignment>
         <input_file_ref idref="fl-1"/>
      </object_component>
      <object_component id="oc-154">
         <name>.text.SYSCFG_DL_I2C_OLED_init</name>
         <load_address>0x28a0</load_address>
         <readonly>true</readonly>
         <executable>true</executable>
         <run_address>0x28a0</run_address>
         <size>0x58</size>
         <alignment>0x4</alignment>
         <input_file_ref idref="fl-1"/>
      </object_component>
      <object_component id="oc-156">
         <name>.text.SYSCFG_DL_UART_0_init</name>
         <load_address>0x28f8</load_address>
         <readonly>true</readonly>
         <executable>true</executable>
         <run_address>0x28f8</run_address>
         <size>0x54</size>
         <alignment>0x4</alignment>
         <input_file_ref idref="fl-1"/>
      </object_component>
      <object_component id="oc-157">
         <name>.text.SYSCFG_DL_UART_1_init</name>
         <load_address>0x294c</load_address>
         <readonly>true</readonly>
         <executable>true</executable>
         <run_address>0x294c</run_address>
         <size>0x54</size>
         <alignment>0x4</alignment>
         <input_file_ref idref="fl-1"/>
      </object_component>
      <object_component id="oc-158">
         <name>.text.SYSCFG_DL_UART_2_init</name>
         <load_address>0x29a0</load_address>
         <readonly>true</readonly>
         <executable>true</executable>
         <run_address>0x29a0</run_address>
         <size>0x54</size>
         <alignment>0x4</alignment>
         <input_file_ref idref="fl-1"/>
      </object_component>
      <object_component id="oc-20c">
         <name>.text.DL_I2C_startControllerTransfer</name>
         <load_address>0x29f4</load_address>
         <readonly>true</readonly>
         <executable>true</executable>
         <run_address>0x29f4</run_address>
         <size>0x50</size>
         <alignment>0x4</alignment>
         <input_file_ref idref="fl-a"/>
      </object_component>
      <object_component id="oc-dd">
         <name>.text.SYSCFG_DL_init</name>
         <load_address>0x2a44</load_address>
         <readonly>true</readonly>
         <executable>true</executable>
         <run_address>0x2a44</run_address>
         <size>0x50</size>
         <alignment>0x4</alignment>
         <input_file_ref idref="fl-1"/>
      </object_component>
      <object_component id="oc-15e">
         <name>.text.SysTick_Config</name>
         <load_address>0x2a94</load_address>
         <readonly>true</readonly>
         <executable>true</executable>
         <run_address>0x2a94</run_address>
         <size>0x50</size>
         <alignment>0x4</alignment>
         <input_file_ref idref="fl-b"/>
      </object_component>
      <object_component id="oc-1f2">
         <name>.text.DL_UART_setBaudRateDivisor</name>
         <load_address>0x2ae4</load_address>
         <readonly>true</readonly>
         <executable>true</executable>
         <run_address>0x2ae4</run_address>
         <size>0x4c</size>
         <alignment>0x4</alignment>
         <input_file_ref idref="fl-1"/>
      </object_component>
      <object_component id="oc-1f0">
         <name>.text.DL_UART_init</name>
         <load_address>0x2b30</load_address>
         <readonly>true</readonly>
         <executable>true</executable>
         <run_address>0x2b30</run_address>
         <size>0x48</size>
         <alignment>0x4</alignment>
         <input_file_ref idref="fl-21"/>
      </object_component>
      <object_component id="oc-229">
         <name>.text.mspm0_i2c_disable</name>
         <load_address>0x2b78</load_address>
         <readonly>true</readonly>
         <executable>true</executable>
         <run_address>0x2b78</run_address>
         <size>0x48</size>
         <alignment>0x4</alignment>
         <input_file_ref idref="fl-a"/>
      </object_component>
      <object_component id="oc-f2">
         <name>.text.nod</name>
         <load_address>0x2bc0</load_address>
         <readonly>true</readonly>
         <executable>true</executable>
         <run_address>0x2bc0</run_address>
         <size>0x44</size>
         <alignment>0x4</alignment>
         <input_file_ref idref="fl-5"/>
      </object_component>
      <object_component id="oc-189">
         <name>.text.__aeabi_uidivmod</name>
         <load_address>0x2c04</load_address>
         <readonly>true</readonly>
         <executable>true</executable>
         <run_address>0x2c04</run_address>
         <size>0x40</size>
         <alignment>0x4</alignment>
         <input_file_ref idref="fl-120"/>
      </object_component>
      <object_component id="oc-a5">
         <name>.text.__extendsfdf2</name>
         <load_address>0x2c44</load_address>
         <readonly>true</readonly>
         <executable>true</executable>
         <run_address>0x2c44</run_address>
         <size>0x40</size>
         <alignment>0x4</alignment>
         <input_file_ref idref="fl-112"/>
      </object_component>
      <object_component id="oc-235">
         <name>.text.DL_GPIO_initPeripheralInputFunctionFeatures</name>
         <load_address>0x2c84</load_address>
         <readonly>true</readonly>
         <executable>true</executable>
         <run_address>0x2c84</run_address>
         <size>0x3c</size>
         <alignment>0x4</alignment>
         <input_file_ref idref="fl-a"/>
      </object_component>
      <object_component id="oc-1b8">
         <name>.text.DL_GPIO_initPeripheralInputFunctionFeatures</name>
         <load_address>0x2cc0</load_address>
         <readonly>true</readonly>
         <executable>true</executable>
         <run_address>0x2cc0</run_address>
         <size>0x3c</size>
         <alignment>0x4</alignment>
         <input_file_ref idref="fl-1"/>
      </object_component>
      <object_component id="oc-211">
         <name>.text.DL_I2C_flushControllerTXFIFO</name>
         <load_address>0x2cfc</load_address>
         <readonly>true</readonly>
         <executable>true</executable>
         <run_address>0x2cfc</run_address>
         <size>0x3c</size>
         <alignment>0x4</alignment>
         <input_file_ref idref="fl-1f"/>
      </object_component>
      <object_component id="oc-1d2">
         <name>.text.DL_Timer_setCounterControl</name>
         <load_address>0x2d38</load_address>
         <readonly>true</readonly>
         <executable>true</executable>
         <run_address>0x2d38</run_address>
         <size>0x3c</size>
         <alignment>0x4</alignment>
         <input_file_ref idref="fl-1"/>
      </object_component>
      <object_component id="oc-95">
         <name>.text.__floatsisf</name>
         <load_address>0x2d74</load_address>
         <readonly>true</readonly>
         <executable>true</executable>
         <run_address>0x2d74</run_address>
         <size>0x3c</size>
         <alignment>0x4</alignment>
         <input_file_ref idref="fl-116"/>
      </object_component>
      <object_component id="oc-fa">
         <name>.text:__TI_auto_init_nobinit_nopinit</name>
         <load_address>0x2db0</load_address>
         <readonly>true</readonly>
         <executable>true</executable>
         <run_address>0x2db0</run_address>
         <size>0x3c</size>
         <alignment>0x4</alignment>
         <input_file_ref idref="fl-43"/>
      </object_component>
      <object_component id="oc-119">
         <name>.text.__muldsi3</name>
         <load_address>0x2dec</load_address>
         <readonly>true</readonly>
         <executable>true</executable>
         <run_address>0x2dec</run_address>
         <size>0x3a</size>
         <alignment>0x4</alignment>
         <input_file_ref idref="fl-10e"/>
      </object_component>
      <object_component id="oc-233">
         <name>.text.DL_GPIO_initDigitalInputFeatures</name>
         <load_address>0x2e28</load_address>
         <readonly>true</readonly>
         <executable>true</executable>
         <run_address>0x2e28</run_address>
         <size>0x34</size>
         <alignment>0x4</alignment>
         <input_file_ref idref="fl-a"/>
      </object_component>
      <object_component id="oc-1bb">
         <name>.text.DL_GPIO_initDigitalInputFeatures</name>
         <load_address>0x2e5c</load_address>
         <readonly>true</readonly>
         <executable>true</executable>
         <run_address>0x2e5c</run_address>
         <size>0x34</size>
         <alignment>0x4</alignment>
         <input_file_ref idref="fl-1"/>
      </object_component>
      <object_component id="oc-150">
         <name>.text.SYSCFG_DL_SYSCTL_init</name>
         <load_address>0x2e90</load_address>
         <readonly>true</readonly>
         <executable>true</executable>
         <run_address>0x2e90</run_address>
         <size>0x32</size>
         <alignment>0x2</alignment>
         <input_file_ref idref="fl-1"/>
      </object_component>
      <object_component id="oc-1bd">
         <name>.text.DL_GPIO_initDigitalOutputFeatures</name>
         <load_address>0x2ec4</load_address>
         <readonly>true</readonly>
         <executable>true</executable>
         <run_address>0x2ec4</run_address>
         <size>0x30</size>
         <alignment>0x4</alignment>
         <input_file_ref idref="fl-1"/>
      </object_component>
      <object_component id="oc-166">
         <name>.text.mspm0_delay_ms</name>
         <load_address>0x2ef4</load_address>
         <readonly>true</readonly>
         <executable>true</executable>
         <run_address>0x2ef4</run_address>
         <size>0x30</size>
         <alignment>0x4</alignment>
         <input_file_ref idref="fl-b"/>
      </object_component>
      <object_component id="oc-153">
         <name>.text.SYSCFG_DL_CLOCK_init</name>
         <load_address>0x2f24</load_address>
         <readonly>true</readonly>
         <executable>true</executable>
         <run_address>0x2f24</run_address>
         <size>0x2c</size>
         <alignment>0x4</alignment>
         <input_file_ref idref="fl-1"/>
      </object_component>
      <object_component id="oc-161">
         <name>.text.__NVIC_ClearPendingIRQ</name>
         <load_address>0x2f50</load_address>
         <readonly>true</readonly>
         <executable>true</executable>
         <run_address>0x2f50</run_address>
         <size>0x2c</size>
         <alignment>0x4</alignment>
         <input_file_ref idref="fl-c"/>
      </object_component>
      <object_component id="oc-160">
         <name>.text.__NVIC_EnableIRQ</name>
         <load_address>0x2f7c</load_address>
         <readonly>true</readonly>
         <executable>true</executable>
         <run_address>0x2f7c</run_address>
         <size>0x2c</size>
         <alignment>0x4</alignment>
         <input_file_ref idref="fl-c"/>
      </object_component>
      <object_component id="oc-113">
         <name>.text.mspm0_get_clock_ms</name>
         <load_address>0x2fa8</load_address>
         <readonly>true</readonly>
         <executable>true</executable>
         <run_address>0x2fa8</run_address>
         <size>0x2c</size>
         <alignment>0x4</alignment>
         <input_file_ref idref="fl-b"/>
      </object_component>
      <object_component id="oc-228">
         <name>.text.DL_Common_updateReg</name>
         <load_address>0x2fd4</load_address>
         <readonly>true</readonly>
         <executable>true</executable>
         <run_address>0x2fd4</run_address>
         <size>0x28</size>
         <alignment>0x2</alignment>
         <input_file_ref idref="fl-a"/>
      </object_component>
      <object_component id="oc-223">
         <name>.text.DL_Common_updateReg</name>
         <load_address>0x2ffc</load_address>
         <readonly>true</readonly>
         <executable>true</executable>
         <run_address>0x2ffc</run_address>
         <size>0x28</size>
         <alignment>0x2</alignment>
         <input_file_ref idref="fl-1"/>
      </object_component>
      <object_component id="oc-1ea">
         <name>.text.DL_I2C_setControllerRXFIFOThreshold</name>
         <load_address>0x3024</load_address>
         <readonly>true</readonly>
         <executable>true</executable>
         <run_address>0x3024</run_address>
         <size>0x28</size>
         <alignment>0x4</alignment>
         <input_file_ref idref="fl-1"/>
      </object_component>
      <object_component id="oc-1e9">
         <name>.text.DL_I2C_setControllerTXFIFOThreshold</name>
         <load_address>0x304c</load_address>
         <readonly>true</readonly>
         <executable>true</executable>
         <run_address>0x304c</run_address>
         <size>0x28</size>
         <alignment>0x4</alignment>
         <input_file_ref idref="fl-1"/>
      </object_component>
      <object_component id="oc-57">
         <name>.text:_c_int00_noargs</name>
         <load_address>0x3074</load_address>
         <readonly>true</readonly>
         <executable>true</executable>
         <run_address>0x3074</run_address>
         <size>0x28</size>
         <alignment>0x4</alignment>
         <input_file_ref idref="fl-41"/>
      </object_component>
      <object_component id="oc-1e5">
         <name>.text.DL_I2C_setAnalogGlitchFilterPulseWidth</name>
         <load_address>0x309c</load_address>
         <readonly>true</readonly>
         <executable>true</executable>
         <run_address>0x309c</run_address>
         <size>0x26</size>
         <alignment>0x2</alignment>
         <input_file_ref idref="fl-1"/>
      </object_component>
      <object_component id="oc-1df">
         <name>.text.DL_I2C_setClockConfig</name>
         <load_address>0x30c2</load_address>
         <readonly>true</readonly>
         <executable>true</executable>
         <run_address>0x30c2</run_address>
         <size>0x26</size>
         <alignment>0x2</alignment>
         <input_file_ref idref="fl-1f"/>
      </object_component>
      <object_component id="oc-1ba">
         <name>.text.DL_GPIO_initPeripheralInputFunction</name>
         <load_address>0x30e8</load_address>
         <readonly>true</readonly>
         <executable>true</executable>
         <run_address>0x30e8</run_address>
         <size>0x20</size>
         <alignment>0x4</alignment>
         <input_file_ref idref="fl-1"/>
      </object_component>
      <object_component id="oc-16b">
         <name>.text.DL_UART_receiveDataBlocking</name>
         <load_address>0x3108</load_address>
         <readonly>true</readonly>
         <executable>true</executable>
         <run_address>0x3108</run_address>
         <size>0x20</size>
         <alignment>0x4</alignment>
         <input_file_ref idref="fl-21"/>
      </object_component>
      <object_component id="oc-1f1">
         <name>.text.DL_UART_setOversampling</name>
         <load_address>0x3128</load_address>
         <readonly>true</readonly>
         <executable>true</executable>
         <run_address>0x3128</run_address>
         <size>0x1e</size>
         <alignment>0x2</alignment>
         <input_file_ref idref="fl-1"/>
      </object_component>
      <object_component id="oc-1c0">
         <name>.text.DL_GPIO_clearInterruptStatus</name>
         <load_address>0x3148</load_address>
         <readonly>true</readonly>
         <executable>true</executable>
         <run_address>0x3148</run_address>
         <size>0x1c</size>
         <alignment>0x4</alignment>
         <input_file_ref idref="fl-1"/>
      </object_component>
      <object_component id="oc-236">
         <name>.text.DL_GPIO_enableHiZ</name>
         <load_address>0x3164</load_address>
         <readonly>true</readonly>
         <executable>true</executable>
         <run_address>0x3164</run_address>
         <size>0x1c</size>
         <alignment>0x4</alignment>
         <input_file_ref idref="fl-a"/>
      </object_component>
      <object_component id="oc-1b9">
         <name>.text.DL_GPIO_enableHiZ</name>
         <load_address>0x3180</load_address>
         <readonly>true</readonly>
         <executable>true</executable>
         <run_address>0x3180</run_address>
         <size>0x1c</size>
         <alignment>0x4</alignment>
         <input_file_ref idref="fl-1"/>
      </object_component>
      <object_component id="oc-1c1">
         <name>.text.DL_GPIO_enableInterrupt</name>
         <load_address>0x319c</load_address>
         <readonly>true</readonly>
         <executable>true</executable>
         <run_address>0x319c</run_address>
         <size>0x1c</size>
         <alignment>0x4</alignment>
         <input_file_ref idref="fl-1"/>
      </object_component>
      <object_component id="oc-1b6">
         <name>.text.DL_GPIO_initPeripheralOutputFunction</name>
         <load_address>0x31b8</load_address>
         <readonly>true</readonly>
         <executable>true</executable>
         <run_address>0x31b8</run_address>
         <size>0x1c</size>
         <alignment>0x4</alignment>
         <input_file_ref idref="fl-1"/>
      </object_component>
      <object_component id="oc-1c3">
         <name>.text.DL_GPIO_setLowerPinsPolarity</name>
         <load_address>0x31d4</load_address>
         <readonly>true</readonly>
         <executable>true</executable>
         <run_address>0x31d4</run_address>
         <size>0x1c</size>
         <alignment>0x4</alignment>
         <input_file_ref idref="fl-1"/>
      </object_component>
      <object_component id="oc-20d">
         <name>.text.DL_I2C_isControllerRXFIFOEmpty</name>
         <load_address>0x31f0</load_address>
         <readonly>true</readonly>
         <executable>true</executable>
         <run_address>0x31f0</run_address>
         <size>0x1c</size>
         <alignment>0x4</alignment>
         <input_file_ref idref="fl-a"/>
      </object_component>
      <object_component id="oc-62">
         <name>.text.DL_Interrupt_getPendingGroup</name>
         <load_address>0x320c</load_address>
         <readonly>true</readonly>
         <executable>true</executable>
         <run_address>0x320c</run_address>
         <size>0x1c</size>
         <alignment>0x4</alignment>
         <input_file_ref idref="fl-c"/>
      </object_component>
      <object_component id="oc-1c9">
         <name>.text.DL_SYSCTL_setMCLKDivider</name>
         <load_address>0x3228</load_address>
         <readonly>true</readonly>
         <executable>true</executable>
         <run_address>0x3228</run_address>
         <size>0x1c</size>
         <alignment>0x4</alignment>
         <input_file_ref idref="fl-1"/>
      </object_component>
      <object_component id="oc-1c5">
         <name>.text.DL_SYSCTL_setSYSOSCFreq</name>
         <load_address>0x3244</load_address>
         <readonly>true</readonly>
         <executable>true</executable>
         <run_address>0x3244</run_address>
         <size>0x1c</size>
         <alignment>0x4</alignment>
         <input_file_ref idref="fl-1"/>
      </object_component>
      <object_component id="oc-1c8">
         <name>.text.DL_SYSCTL_setULPCLKDivider</name>
         <load_address>0x3260</load_address>
         <readonly>true</readonly>
         <executable>true</executable>
         <run_address>0x3260</run_address>
         <size>0x1c</size>
         <alignment>0x4</alignment>
         <input_file_ref idref="fl-1"/>
      </object_component>
      <object_component id="oc-1d4">
         <name>.text.DL_Timer_setCaptCompUpdateMethod</name>
         <load_address>0x327c</load_address>
         <readonly>true</readonly>
         <executable>true</executable>
         <run_address>0x327c</run_address>
         <size>0x1c</size>
         <alignment>0x4</alignment>
         <input_file_ref idref="fl-20"/>
      </object_component>
      <object_component id="oc-1cb">
         <name>.text.DL_Timer_setClockConfig</name>
         <load_address>0x3298</load_address>
         <readonly>true</readonly>
         <executable>true</executable>
         <run_address>0x3298</run_address>
         <size>0x1c</size>
         <alignment>0x4</alignment>
         <input_file_ref idref="fl-20"/>
      </object_component>
      <object_component id="oc-1f3">
         <name>.text.DL_UART_enableInterrupt</name>
         <load_address>0x32b4</load_address>
         <readonly>true</readonly>
         <executable>true</executable>
         <run_address>0x32b4</run_address>
         <size>0x1c</size>
         <alignment>0x4</alignment>
         <input_file_ref idref="fl-1"/>
      </object_component>
      <object_component id="oc-173">
         <name>.text.K230_parse_byte</name>
         <load_address>0x32d0</load_address>
         <readonly>true</readonly>
         <executable>true</executable>
         <run_address>0x32d0</run_address>
         <size>0x1a</size>
         <alignment>0x2</alignment>
         <input_file_ref idref="fl-5"/>
      </object_component>
      <object_component id="oc-234">
         <name>.text.DL_GPIO_enableOutput</name>
         <load_address>0x32ec</load_address>
         <readonly>true</readonly>
         <executable>true</executable>
         <run_address>0x32ec</run_address>
         <size>0x18</size>
         <alignment>0x4</alignment>
         <input_file_ref idref="fl-a"/>
      </object_component>
      <object_component id="oc-1b7">
         <name>.text.DL_GPIO_enableOutput</name>
         <load_address>0x3304</load_address>
         <readonly>true</readonly>
         <executable>true</executable>
         <run_address>0x3304</run_address>
         <size>0x18</size>
         <alignment>0x4</alignment>
         <input_file_ref idref="fl-1"/>
      </object_component>
      <object_component id="oc-1ae">
         <name>.text.DL_GPIO_enablePower</name>
         <load_address>0x331c</load_address>
         <readonly>true</readonly>
         <executable>true</executable>
         <run_address>0x331c</run_address>
         <size>0x18</size>
         <alignment>0x4</alignment>
         <input_file_ref idref="fl-1"/>
      </object_component>
      <object_component id="oc-232">
         <name>.text.DL_GPIO_initDigitalOutput</name>
         <load_address>0x3334</load_address>
         <readonly>true</readonly>
         <executable>true</executable>
         <run_address>0x3334</run_address>
         <size>0x18</size>
         <alignment>0x4</alignment>
         <input_file_ref idref="fl-a"/>
      </object_component>
      <object_component id="oc-1bc">
         <name>.text.DL_GPIO_initDigitalOutput</name>
         <load_address>0x334c</load_address>
         <readonly>true</readonly>
         <executable>true</executable>
         <run_address>0x334c</run_address>
         <size>0x18</size>
         <alignment>0x4</alignment>
         <input_file_ref idref="fl-1"/>
      </object_component>
      <object_component id="oc-1aa">
         <name>.text.DL_GPIO_reset</name>
         <load_address>0x3364</load_address>
         <readonly>true</readonly>
         <executable>true</executable>
         <run_address>0x3364</run_address>
         <size>0x18</size>
         <alignment>0x4</alignment>
         <input_file_ref idref="fl-1"/>
      </object_component>
      <object_component id="oc-22b">
         <name>.text.DL_GPIO_setPins</name>
         <load_address>0x337c</load_address>
         <readonly>true</readonly>
         <executable>true</executable>
         <run_address>0x337c</run_address>
         <size>0x18</size>
         <alignment>0x4</alignment>
         <input_file_ref idref="fl-a"/>
      </object_component>
      <object_component id="oc-1c2">
         <name>.text.DL_GPIO_setPins</name>
         <load_address>0x3394</load_address>
         <readonly>true</readonly>
         <executable>true</executable>
         <run_address>0x3394</run_address>
         <size>0x18</size>
         <alignment>0x4</alignment>
         <input_file_ref idref="fl-1"/>
      </object_component>
      <object_component id="oc-1bf">
         <name>.text.DL_GPIO_setUpperPinsPolarity</name>
         <load_address>0x33ac</load_address>
         <readonly>true</readonly>
         <executable>true</executable>
         <run_address>0x33ac</run_address>
         <size>0x18</size>
         <alignment>0x2</alignment>
         <input_file_ref idref="fl-1"/>
      </object_component>
      <object_component id="oc-20a">
         <name>.text.DL_I2C_clearInterruptStatus</name>
         <load_address>0x33c4</load_address>
         <readonly>true</readonly>
         <executable>true</executable>
         <run_address>0x33c4</run_address>
         <size>0x18</size>
         <alignment>0x4</alignment>
         <input_file_ref idref="fl-a"/>
      </object_component>
      <object_component id="oc-1e6">
         <name>.text.DL_I2C_enableAnalogGlitchFilter</name>
         <load_address>0x33dc</load_address>
         <readonly>true</readonly>
         <executable>true</executable>
         <run_address>0x33dc</run_address>
         <size>0x18</size>
         <alignment>0x2</alignment>
         <input_file_ref idref="fl-1"/>
      </object_component>
      <object_component id="oc-1ec">
         <name>.text.DL_I2C_enableController</name>
         <load_address>0x33f4</load_address>
         <readonly>true</readonly>
         <executable>true</executable>
         <run_address>0x33f4</run_address>
         <size>0x18</size>
         <alignment>0x4</alignment>
         <input_file_ref idref="fl-1"/>
      </object_component>
      <object_component id="oc-1eb">
         <name>.text.DL_I2C_enableControllerClockStretching</name>
         <load_address>0x340c</load_address>
         <readonly>true</readonly>
         <executable>true</executable>
         <run_address>0x340c</run_address>
         <size>0x18</size>
         <alignment>0x4</alignment>
         <input_file_ref idref="fl-1"/>
      </object_component>
      <object_component id="oc-237">
         <name>.text.DL_I2C_enablePower</name>
         <load_address>0x3424</load_address>
         <readonly>true</readonly>
         <executable>true</executable>
         <run_address>0x3424</run_address>
         <size>0x18</size>
         <alignment>0x4</alignment>
         <input_file_ref idref="fl-a"/>
      </object_component>
      <object_component id="oc-1b0">
         <name>.text.DL_I2C_enablePower</name>
         <load_address>0x343c</load_address>
         <readonly>true</readonly>
         <executable>true</executable>
         <run_address>0x343c</run_address>
         <size>0x18</size>
         <alignment>0x4</alignment>
         <input_file_ref idref="fl-1"/>
      </object_component>
      <object_component id="oc-210">
         <name>.text.DL_I2C_getRawInterruptStatus</name>
         <load_address>0x3454</load_address>
         <readonly>true</readonly>
         <executable>true</executable>
         <run_address>0x3454</run_address>
         <size>0x18</size>
         <alignment>0x4</alignment>
         <input_file_ref idref="fl-a"/>
      </object_component>
      <object_component id="oc-231">
         <name>.text.DL_I2C_reset</name>
         <load_address>0x346c</load_address>
         <readonly>true</readonly>
         <executable>true</executable>
         <run_address>0x346c</run_address>
         <size>0x18</size>
         <alignment>0x4</alignment>
         <input_file_ref idref="fl-a"/>
      </object_component>
      <object_component id="oc-1ac">
         <name>.text.DL_I2C_reset</name>
         <load_address>0x3484</load_address>
         <readonly>true</readonly>
         <executable>true</executable>
         <run_address>0x3484</run_address>
         <size>0x18</size>
         <alignment>0x4</alignment>
         <input_file_ref idref="fl-1"/>
      </object_component>
      <object_component id="oc-1e8">
         <name>.text.DL_I2C_setTimerPeriod</name>
         <load_address>0x349c</load_address>
         <readonly>true</readonly>
         <executable>true</executable>
         <run_address>0x349c</run_address>
         <size>0x18</size>
         <alignment>0x4</alignment>
         <input_file_ref idref="fl-1"/>
      </object_component>
      <object_component id="oc-1c4">
         <name>.text.DL_SYSCTL_setBORThreshold</name>
         <load_address>0x34b4</load_address>
         <readonly>true</readonly>
         <executable>true</executable>
         <run_address>0x34b4</run_address>
         <size>0x18</size>
         <alignment>0x4</alignment>
         <input_file_ref idref="fl-1"/>
      </object_component>
      <object_component id="oc-1af">
         <name>.text.DL_Timer_enablePower</name>
         <load_address>0x34cc</load_address>
         <readonly>true</readonly>
         <executable>true</executable>
         <run_address>0x34cc</run_address>
         <size>0x18</size>
         <alignment>0x4</alignment>
         <input_file_ref idref="fl-1"/>
      </object_component>
      <object_component id="oc-1ab">
         <name>.text.DL_Timer_reset</name>
         <load_address>0x34e4</load_address>
         <readonly>true</readonly>
         <executable>true</executable>
         <run_address>0x34e4</run_address>
         <size>0x18</size>
         <alignment>0x4</alignment>
         <input_file_ref idref="fl-1"/>
      </object_component>
      <object_component id="oc-1d3">
         <name>.text.DL_Timer_setCaptureCompareOutCtl</name>
         <load_address>0x34fc</load_address>
         <readonly>true</readonly>
         <executable>true</executable>
         <run_address>0x34fc</run_address>
         <size>0x18</size>
         <alignment>0x4</alignment>
         <input_file_ref idref="fl-20"/>
      </object_component>
      <object_component id="oc-162">
         <name>.text.DL_Timer_startCounter</name>
         <load_address>0x3514</load_address>
         <readonly>true</readonly>
         <executable>true</executable>
         <run_address>0x3514</run_address>
         <size>0x18</size>
         <alignment>0x4</alignment>
         <input_file_ref idref="fl-c"/>
      </object_component>
      <object_component id="oc-1b1">
         <name>.text.DL_UART_enablePower</name>
         <load_address>0x352c</load_address>
         <readonly>true</readonly>
         <executable>true</executable>
         <run_address>0x352c</run_address>
         <size>0x18</size>
         <alignment>0x4</alignment>
         <input_file_ref idref="fl-1"/>
      </object_component>
      <object_component id="oc-16a">
         <name>.text.DL_UART_isBusy</name>
         <load_address>0x3544</load_address>
         <readonly>true</readonly>
         <executable>true</executable>
         <run_address>0x3544</run_address>
         <size>0x18</size>
         <alignment>0x4</alignment>
         <input_file_ref idref="fl-5"/>
      </object_component>
      <object_component id="oc-eb">
         <name>.text.DL_UART_isBusy</name>
         <load_address>0x355c</load_address>
         <readonly>true</readonly>
         <executable>true</executable>
         <run_address>0x355c</run_address>
         <size>0x18</size>
         <alignment>0x4</alignment>
         <input_file_ref idref="fl-3"/>
      </object_component>
      <object_component id="oc-1ad">
         <name>.text.DL_UART_reset</name>
         <load_address>0x3574</load_address>
         <readonly>true</readonly>
         <executable>true</executable>
         <run_address>0x3574</run_address>
         <size>0x18</size>
         <alignment>0x4</alignment>
         <input_file_ref idref="fl-1"/>
      </object_component>
      <object_component id="oc-69">
         <name>.text.DL_GPIO_readPins</name>
         <load_address>0x358c</load_address>
         <readonly>true</readonly>
         <executable>true</executable>
         <run_address>0x358c</run_address>
         <size>0x16</size>
         <alignment>0x2</alignment>
         <input_file_ref idref="fl-c"/>
      </object_component>
      <object_component id="oc-22c">
         <name>.text.DL_GPIO_readPins</name>
         <load_address>0x35a2</load_address>
         <readonly>true</readonly>
         <executable>true</executable>
         <run_address>0x35a2</run_address>
         <size>0x16</size>
         <alignment>0x2</alignment>
         <input_file_ref idref="fl-a"/>
      </object_component>
      <object_component id="oc-209">
         <name>.text.DL_I2C_transmitControllerData</name>
         <load_address>0x35b8</load_address>
         <readonly>true</readonly>
         <executable>true</executable>
         <run_address>0x35b8</run_address>
         <size>0x16</size>
         <alignment>0x2</alignment>
         <input_file_ref idref="fl-a"/>
      </object_component>
      <object_component id="oc-1f4">
         <name>.text.DL_UART_enable</name>
         <load_address>0x35ce</load_address>
         <readonly>true</readonly>
         <executable>true</executable>
         <run_address>0x35ce</run_address>
         <size>0x16</size>
         <alignment>0x2</alignment>
         <input_file_ref idref="fl-1"/>
      </object_component>
      <object_component id="oc-169">
         <name>.text.DL_UART_transmitData</name>
         <load_address>0x35e4</load_address>
         <readonly>true</readonly>
         <executable>true</executable>
         <run_address>0x35e4</run_address>
         <size>0x16</size>
         <alignment>0x2</alignment>
         <input_file_ref idref="fl-5"/>
      </object_component>
      <object_component id="oc-ea">
         <name>.text.DL_UART_transmitData</name>
[...]
         <value>0x37ed</value>
         <object_component_ref idref="oc-33"/>
      </symbol>
      <symbol id="sm-158">
         <name>DMA_IRQHandler</name>
         <value>0x37ed</value>
         <object_component_ref idref="oc-33"/>
      </symbol>
      <symbol id="sm-169">
         <name>main</name>
         <value>0x23ad</value>
         <object_component_ref idref="oc-7e"/>
      </symbol>
      <symbol id="sm-16a">
         <name>State</name>
         <value>0x202001e4</value>
      </symbol>
      <symbol id="sm-16b">
         <name>sensor_val</name>
         <value>0x202001b8</value>
      </symbol>
      <symbol id="sm-188">
         <name>K230_Init</name>
         <value>0x2595</value>
         <object_component_ref idref="oc-ec"/>
      </symbol>
      <symbol id="sm-189">
         <name>K230_cmd</name>
         <value>0x1a0d</value>
         <object_component_ref idref="oc-f1"/>
      </symbol>
      <symbol id="sm-18a">
         <name>K230_parse_byte</name>
         <value>0x32d1</value>
         <object_component_ref idref="oc-173"/>
      </symbol>
      <symbol id="sm-18b">
         <name>nod</name>
         <value>0x2bc1</value>
         <object_component_ref idref="oc-f2"/>
      </symbol>
      <symbol id="sm-19f">
         <name>mpu_reset_fifo</name>
         <value>0xc19</value>
         <object_component_ref idref="oc-111"/>
      </symbol>
      <symbol id="sm-1a0">
         <name>mpu_read_fifo_stream</name>
         <value>0x1705</value>
         <object_component_ref idref="oc-10c"/>
      </symbol>
      <symbol id="sm-1a1">
         <name>test</name>
         <value>0x3840</value>
         <object_component_ref idref="oc-21c"/>
      </symbol>
      <symbol id="sm-1a2">
         <name>reg</name>
         <value>0x3868</value>
         <object_component_ref idref="oc-21a"/>
      </symbol>
      <symbol id="sm-1a3">
         <name>hw</name>
         <value>0x389c</value>
         <object_component_ref idref="oc-21b"/>
      </symbol>
      <symbol id="sm-1b3">
         <name>dmp_read_fifo</name>
         <value>0xe45</value>
         <object_component_ref idref="oc-90"/>
      </symbol>
      <symbol id="sm-1bd">
         <name>Read_Quad</name>
         <value>0x9ed</value>
         <object_component_ref idref="oc-64"/>
      </symbol>
      <symbol id="sm-1be">
         <name>more</name>
         <value>0x202001e8</value>
      </symbol>
      <symbol id="sm-1bf">
         <name>sensors</name>
         <value>0x202001e6</value>
      </symbol>
      <symbol id="sm-1c0">
         <name>gyro</name>
         <value>0x202001c6</value>
      </symbol>
      <symbol id="sm-1c1">
         <name>accel</name>
         <value>0x202001c0</value>
      </symbol>
      <symbol id="sm-1c2">
         <name>quat</name>
         <value>0x202001a8</value>
      </symbol>
      <symbol id="sm-1c3">
         <name>sensor_timestamp</name>
         <value>0x202001d4</value>
      </symbol>
      <symbol id="sm-1c4">
         <name>pitch</name>
         <value>0x202001cc</value>
      </symbol>
      <symbol id="sm-1c5">
         <name>roll</name>
         <value>0x202001d0</value>
      </symbol>
      <symbol id="sm-1c6">
         <name>yaw</name>
         <value>0x202001e0</value>
      </symbol>
      <symbol id="sm-222">
         <name>mpu6050_i2c_sda_unlock</name>
         <value>0x26d1</value>
         <object_component_ref idref="oc-20f"/>
      </symbol>
      <symbol id="sm-223">
         <name>mspm0_i2c_write</name>
         <value>0x1f29</value>
         <object_component_ref idref="oc-190"/>
      </symbol>
      <symbol id="sm-224">
         <name>mspm0_i2c_read</name>
         <value>0x14c5</value>
         <object_component_ref idref="oc-184"/>
      </symbol>
      <symbol id="sm-23b">
         <name>mspm0_delay_ms</name>
         <value>0x2ef5</value>
         <object_component_ref idref="oc-166"/>
      </symbol>
      <symbol id="sm-23c">
         <name>tick_ms</name>
         <value>0x202001dc</value>
      </symbol>
      <symbol id="sm-23d">
         <name>start_time</name>
         <value>0x202001d8</value>
      </symbol>
      <symbol id="sm-23e">
         <name>mspm0_get_clock_ms</name>
         <value>0x2fa9</value>
         <object_component_ref idref="oc-113"/>
      </symbol>
      <symbol id="sm-23f">
         <name>SysTick_Init</name>
         <value>0x36c9</value>
         <object_component_ref idref="oc-e2"/>
      </symbol>
      <symbol id="sm-26c">
         <name>Interrupt_Init</name>
         <value>0x2791</value>
         <object_component_ref idref="oc-e4"/>
      </symbol>
      <symbol id="sm-26d">
         <name>enable_group1_irq</name>
         <value>0x2020022c</value>
         <object_component_ref idref="oc-163"/>
      </symbol>
      <symbol id="sm-26e">
         <name>enable_uart_irq</name>
         <value>0x2020022e</value>
         <object_component_ref idref="oc-164"/>
      </symbol>
      <symbol id="sm-26f">
         <name>enable_tima1_irq</name>
         <value>0x2020022d</value>
         <object_component_ref idref="oc-165"/>
      </symbol>
      <symbol id="sm-270">
         <name>SysTick_Handler</name>
         <value>0x3745</value>
         <object_component_ref idref="oc-34"/>
      </symbol>
      <symbol id="sm-271">
         <name>GROUP1_IRQHandler</name>
         <value>0x1da1</value>
         <object_component_ref idref="oc-39"/>
      </symbol>
      <symbol id="sm-272">
         <name>key_pressed</name>
         <value>0x2020022f</value>
         <object_component_ref idref="oc-6a"/>
      </symbol>
      <symbol id="sm-273">
         <name>TIMA1_IRQHandler</name>
         <value>0x1911</value>
         <object_component_ref idref="oc-3b"/>
      </symbol>
      <symbol id="sm-274">
         <name>UART0_IRQHandler</name>
         <value>0x11cb</value>
         <object_component_ref idref="oc-3a"/>
      </symbol>
      <symbol id="sm-27d">
         <name>delay_ms</name>
         <value>0x3755</value>
         <object_component_ref idref="oc-e5"/>
      </symbol>
      <symbol id="sm-284">
         <name>__TI_ATRegion0_src_addr</name>
         <value>0x0</value>
      </symbol>
      <symbol id="sm-285">
         <name>__TI_ATRegion0_trg_addr</name>
         <value>0x0</value>
      </symbol>
      <symbol id="sm-286">
         <name>__TI_ATRegion0_region_sz</name>
         <value>0x0</value>
      </symbol>
      <symbol id="sm-287">
         <name>__TI_ATRegion1_src_addr</name>
         <value>0x0</value>
      </symbol>
      <symbol id="sm-288">
         <name>__TI_ATRegion1_trg_addr</name>
         <value>0x0</value>
      </symbol>
      <symbol id="sm-289">
         <name>__TI_ATRegion1_region_sz</name>
         <value>0x0</value>
      </symbol>
      <symbol id="sm-28a">
         <name>__TI_ATRegion2_src_addr</name>
         <value>0x0</value>
      </symbol>
      <symbol id="sm-28b">
         <name>__TI_ATRegion2_trg_addr</name>
         <value>0x0</value>
      </symbol>
      <symbol id="sm-28c">
         <name>__TI_ATRegion2_region_sz</name>
         <value>0x0</value>
      </symbol>
      <symbol id="sm-295">
         <name>DL_Common_delayCycles</name>
         <value>0x3765</value>
         <object_component_ref idref="oc-1b2"/>
      </symbol>
      <symbol id="sm-2a4">
         <name>DL_I2C_setClockConfig</name>
         <value>0x30c3</value>
         <object_component_ref idref="oc-1df"/>
      </symbol>
      <symbol id="sm-2a5">
         <name>DL_I2C_fillControllerTXFIFO</name>
         <value>0x2731</value>
         <object_component_ref idref="oc-21d"/>
      </symbol>
      <symbol id="sm-2a6">
         <name>DL_I2C_flushControllerTXFIFO</name>
         <value>0x2cfd</value>
         <object_component_ref idref="oc-211"/>
      </symbol>
      <symbol id="sm-2c2">
         <name>DL_Timer_setClockConfig</name>
         <value>0x3299</value>
         <object_component_ref idref="oc-1cb"/>
      </symbol>
      <symbol id="sm-2c3">
         <name>DL_Timer_initTimerMode</name>
         <value>0x1afd</value>
         <object_component_ref idref="oc-1dc"/>
      </symbol>
      <symbol id="sm-2c4">
         <name>DL_Timer_setCaptureCompareValue</name>
         <value>0x3735</value>
         <object_component_ref idref="oc-1d5"/>
      </symbol>
      <symbol id="sm-2c5">
         <name>DL_Timer_setCaptCompUpdateMethod</name>
         <value>0x327d</value>
         <object_component_ref idref="oc-1d4"/>
      </symbol>
      <symbol id="sm-2c6">
         <name>DL_Timer_setCaptureCompareOutCtl</name>
         <value>0x34fd</value>
         <object_component_ref idref="oc-1d3"/>
      </symbol>
      <symbol id="sm-2c7">
         <name>DL_Timer_initFourCCPWMMode</name>
         <value>0x180d</value>
         <object_component_ref idref="oc-1d1"/>
      </symbol>
      <symbol id="sm-2d7">
         <name>DL_UART_init</name>
         <value>0x2b31</value>
         <object_component_ref idref="oc-1f0"/>
      </symbol>
      <symbol id="sm-2d8">
         <name>DL_UART_setClockConfig</name>
         <value>0x36ef</value>
         <object_component_ref idref="oc-1ef"/>
      </symbol>
      <symbol id="sm-2d9">
         <name>DL_UART_receiveDataBlocking</name>
         <value>0x3109</value>
         <object_component_ref idref="oc-16b"/>
      </symbol>
      <symbol id="sm-2f3">
         <name>asin</name>
         <value>0xc1</value>
         <object_component_ref idref="oc-a9"/>
      </symbol>
      <symbol id="sm-2f4">
         <name>asinl</name>
         <value>0xc1</value>
         <object_component_ref idref="oc-a9"/>
      </symbol>
      <symbol id="sm-302">
         <name>atan2</name>
         <value>0x11cd</value>
         <object_component_ref idref="oc-b7"/>
      </symbol>
      <symbol id="sm-303">
         <name>atan2l</name>
         <value>0x11cd</value>
         <object_component_ref idref="oc-b7"/>
      </symbol>
      <symbol id="sm-30d">
         <name>sqrt</name>
         <value>0x1355</value>
         <object_component_ref idref="oc-12f"/>
      </symbol>
      <symbol id="sm-30e">
         <name>sqrtl</name>
         <value>0x1355</value>
         <object_component_ref idref="oc-12f"/>
      </symbol>
      <symbol id="sm-325">
         <name>atan</name>
         <value>0x425</value>
         <object_component_ref idref="oc-13e"/>
      </symbol>
      <symbol id="sm-326">
         <name>atanl</name>
         <value>0x425</value>
         <object_component_ref idref="oc-13e"/>
      </symbol>
      <symbol id="sm-331">
         <name>__aeabi_errno_addr</name>
         <value>0x2519</value>
         <object_component_ref idref="oc-120"/>
      </symbol>
      <symbol id="sm-332">
         <name>__aeabi_errno</name>
         <value>0x20200228</value>
         <object_component_ref idref="oc-192"/>
      </symbol>
      <symbol id="sm-341">
         <name>_c_int00_noargs</name>
         <value>0x3075</value>
         <object_component_ref idref="oc-57"/>
      </symbol>
      <symbol id="sm-342">
         <name>__stack</name>
         <value>0x20207e00</value>
         <object_component_ref idref="oc-1a"/>
      </symbol>
      <symbol id="sm-34e">
         <name>__TI_auto_init_nobinit_nopinit</name>
         <value>0x2db1</value>
         <object_component_ref idref="oc-fa"/>
      </symbol>
      <symbol id="sm-356">
         <name>_system_pre_init</name>
         <value>0x37fd</value>
         <object_component_ref idref="oc-7a"/>
      </symbol>
      <symbol id="sm-361">
         <name>__TI_zero_init_nomemset</name>
         <value>0x3611</value>
         <object_component_ref idref="oc-4e"/>
      </symbol>
      <symbol id="sm-36a">
         <name>__TI_decompress_none</name>
         <value>0x3713</value>
         <object_component_ref idref="oc-20"/>
      </symbol>
      <symbol id="sm-375">
         <name>__TI_decompress_lzss</name>
         <value>0x2429</value>
         <object_component_ref idref="oc-1c"/>
      </symbol>
      <symbol id="sm-384">
         <name>abort</name>
         <value>0x37e7</value>
         <object_component_ref idref="oc-f3"/>
      </symbol>
      <symbol id="sm-398">
         <name>HOSTexit</name>
         <value>0x37f1</value>
         <object_component_ref idref="oc-174"/>
      </symbol>
      <symbol id="sm-399">
         <name>C$$EXIT</name>
         <value>0x37f0</value>
         <object_component_ref idref="oc-174"/>
      </symbol>
      <symbol id="sm-3ae">
         <name>__aeabi_fadd</name>
         <value>0x1cd3</value>
         <object_component_ref idref="oc-a1"/>
      </symbol>
      <symbol id="sm-3af">
         <name>__addsf3</name>
         <value>0x1cd3</value>
         <object_component_ref idref="oc-a1"/>
      </symbol>
      <symbol id="sm-3b0">
         <name>__aeabi_fsub</name>
         <value>0x1cc9</value>
         <object_component_ref idref="oc-a1"/>
      </symbol>
      <symbol id="sm-3b1">
         <name>__subsf3</name>
         <value>0x1cc9</value>
         <object_component_ref idref="oc-a1"/>
      </symbol>
      <symbol id="sm-3b7">
         <name>__aeabi_dadd</name>
         <value>0x1043</value>
         <object_component_ref idref="oc-125"/>
      </symbol>
      <symbol id="sm-3b8">
         <name>__adddf3</name>
         <value>0x1043</value>
         <object_component_ref idref="oc-125"/>
      </symbol>
      <symbol id="sm-3b9">
         <name>__aeabi_dsub</name>
         <value>0x1039</value>
         <object_component_ref idref="oc-125"/>
      </symbol>
      <symbol id="sm-3ba">
         <name>__subdf3</name>
         <value>0x1039</value>
         <object_component_ref idref="oc-125"/>
      </symbol>
      <symbol id="sm-3c3">
         <name>__aeabi_dmul</name>
         <value>0x1be5</value>
         <object_component_ref idref="oc-af"/>
      </symbol>
      <symbol id="sm-3c4">
         <name>__muldf3</name>
         <value>0x1be5</value>
         <object_component_ref idref="oc-af"/>
      </symbol>
      <symbol id="sm-3cd">
         <name>__muldsi3</name>
         <value>0x2ded</value>
         <object_component_ref idref="oc-119"/>
      </symbol>
      <symbol id="sm-3d3">
         <name>__aeabi_fmul</name>
         <value>0x2109</value>
         <object_component_ref idref="oc-9d"/>
      </symbol>
      <symbol id="sm-3d4">
         <name>__mulsf3</name>
         <value>0x2109</value>
         <object_component_ref idref="oc-9d"/>
      </symbol>
      <symbol id="sm-3da">
         <name>__aeabi_fdiv</name>
         <value>0x2329</value>
         <object_component_ref idref="oc-99"/>
      </symbol>
      <symbol id="sm-3db">
         <name>__divsf3</name>
         <value>0x2329</value>
         <object_component_ref idref="oc-99"/>
      </symbol>
      <symbol id="sm-3e1">
         <name>__aeabi_ddiv</name>
         <value>0x15f9</value>
         <object_component_ref idref="oc-136"/>
      </symbol>
      <symbol id="sm-3e2">
         <name>__divdf3</name>
         <value>0x15f9</value>
         <object_component_ref idref="oc-136"/>
      </symbol>
      <symbol id="sm-3eb">
         <name>__aeabi_f2d</name>
         <value>0x2c45</value>
         <object_component_ref idref="oc-a5"/>
      </symbol>
      <symbol id="sm-3ec">
         <name>__extendsfdf2</name>
         <value>0x2c45</value>
         <object_component_ref idref="oc-a5"/>
      </symbol>
      <symbol id="sm-3f2">
         <name>__aeabi_i2f</name>
         <value>0x2d75</value>
         <object_component_ref idref="oc-95"/>
      </symbol>
      <symbol id="sm-3f3">
         <name>__floatsisf</name>
         <value>0x2d75</value>
         <object_component_ref idref="oc-95"/>
      </symbol>
      <symbol id="sm-3fa">
         <name>__aeabi_d2f</name>
         <value>0x2521</value>
         <object_component_ref idref="oc-b3"/>
      </symbol>
      <symbol id="sm-3fb">
         <name>__truncdfsf2</name>
         <value>0x2521</value>
         <object_component_ref idref="oc-b3"/>
      </symbol>
      <symbol id="sm-401">
         <name>__aeabi_dcmpeq</name>
         <value>0x266d</value>
         <object_component_ref idref="oc-129"/>
      </symbol>
      <symbol id="sm-402">
         <name>__aeabi_dcmplt</name>
         <value>0x2681</value>
         <object_component_ref idref="oc-129"/>
      </symbol>
      <symbol id="sm-403">
         <name>__aeabi_dcmple</name>
         <value>0x2695</value>
         <object_component_ref idref="oc-129"/>
      </symbol>
      <symbol id="sm-404">
         <name>__aeabi_dcmpge</name>
         <value>0x26a9</value>
         <object_component_ref idref="oc-129"/>
      </symbol>
      <symbol id="sm-405">
         <name>__aeabi_dcmpgt</name>
         <value>0x26bd</value>
         <object_component_ref idref="oc-129"/>
      </symbol>
      <symbol id="sm-40b">
         <name>__aeabi_memcpy</name>
         <value>0x37c1</value>
         <object_component_ref idref="oc-47"/>
      </symbol>
      <symbol id="sm-40c">
         <name>__aeabi_memcpy4</name>
         <value>0x37c1</value>
         <object_component_ref idref="oc-47"/>
      </symbol>
      <symbol id="sm-40d">
         <name>__aeabi_memcpy8</name>
         <value>0x37c1</value>
         <object_component_ref idref="oc-47"/>
      </symbol>
      <symbol id="sm-413">
         <name>__aeabi_uidiv</name>
         <value>0x2c05</value>
         <object_component_ref idref="oc-189"/>
      </symbol>
      <symbol id="sm-414">
         <name>__aeabi_uidivmod</name>
         <value>0x2c05</value>
         <object_component_ref idref="oc-189"/>
      </symbol>
      <symbol id="sm-422">
         <name>__ledf2</name>
         <value>0x2605</value>
         <object_component_ref idref="oc-197"/>
      </symbol>
      <symbol id="sm-423">
         <name>__gedf2</name>
         <value>0x24a5</value>
         <object_component_ref idref="oc-19d"/>
      </symbol>
      <symbol id="sm-424">
         <name>__cmpdf2</name>
         <value>0x2605</value>
         <object_component_ref idref="oc-197"/>
      </symbol>
      <symbol id="sm-425">
         <name>__eqdf2</name>
         <value>0x2605</value>
         <object_component_ref idref="oc-197"/>
      </symbol>
      <symbol id="sm-426">
         <name>__ltdf2</name>
         <value>0x2605</value>
         <object_component_ref idref="oc-197"/>
      </symbol>
      <symbol id="sm-427">
         <name>__nedf2</name>
         <value>0x2605</value>
         <object_component_ref idref="oc-197"/>
      </symbol>
      <symbol id="sm-428">
         <name>__gtdf2</name>
         <value>0x24a5</value>
         <object_component_ref idref="oc-19d"/>
      </symbol>
      <symbol id="sm-433">
         <name>__aeabi_idiv0</name>
         <value>0x23ab</value>
         <object_component_ref idref="oc-214"/>
      </symbol>
      <symbol id="sm-43d">
         <name>TI_memcpy_small</name>
         <value>0x3701</value>
         <object_component_ref idref="oc-d3"/>
      </symbol>
      <symbol id="sm-43e">
         <name>__TI_static_base__</name>
         <value>0x0</value>
      </symbol>
      <symbol id="sm-442">
         <name>__mpu_init</name>
         <value>0x0</value>
      </symbol>
      <symbol id="sm-443">
         <name>_system_post_cinit</name>
         <value>0x0</value>
      </symbol>
   </symbol_table>
   <title>Link successful</title>
</link_info>
