******************************************************************************
            TI ARM Clang Linker PC v4.0.3                      
******************************************************************************
>> Linked Thu Jul 31 11:22:20 2025

OUTPUT FILE NAME:   <Template_Old.out>
ENTRY POINT SYMBOL: "_c_int00_noargs"  address: 00003075


MEMORY CONFIGURATION

         name            origin    length      used     unused   attr    fill
----------------------  --------  ---------  --------  --------  ----  --------
  FLASH                 00000000   00020000  00003920  0001c6e0  R  X
  SRAM                  20200000   00008000  0000042d  00007bd3  RW X
  BCR_CONFIG            41c00000   000000ff  00000000  000000ff  R   
  BSL_CONFIG            41c00100   00000080  00000000  00000080  R   


SEGMENT ALLOCATION MAP

run origin  load origin   length   init length attrs members
----------  ----------- ---------- ----------- ----- -------
00000000    00000000    00003920   00003920    r-x
  00000000    00000000    000000c0   000000c0    r-- .intvecs
  000000c0    000000c0    00003740   00003740    r-x .text
  00003800    00003800    000000e8   000000e8    r-- .rodata
  000038e8    000038e8    00000038   00000038    r-- .cinit
20200000    20200000    00000230   00000000    rw-
  20200000    20200000    000001e9   00000000    rw- .bss
  202001ec    202001ec    00000044   00000000    rw- .data
20207e00    20207e00    00000200   00000000    rw-
  20207e00    20207e00    00000200   00000000    rw- .stack


SECTION ALLOCATION MAP

 output                                  attributes/
section   page    origin      length       input sections
--------  ----  ----------  ----------   ----------------
.intvecs   0    00000000    000000c0     
                  00000000    000000c0     startup_mspm0g350x_ticlang.o (.intvecs)

.text      0    000000c0    00003740     
                  000000c0    00000364     libc.a : e_asin.c.obj (.text.asin)
                  00000424    000002f8            : s_atan.c.obj (.text.atan)
                  0000071c    000002d0     ti_msp_dl_config.o (.text.SYSCFG_DL_GPIO_init)
                  000009ec    0000022c     mpu6050.o (.text.Read_Quad)
                  00000c18    0000022c     inv_mpu.o (.text.mpu_reset_fifo)
                  00000e44    000001f4     inv_mpu_dmp_motion_driver.o (.text.dmp_read_fifo)
                  00001038    00000192     libclang_rt.builtins.a : adddf3.S.obj (.text.adddf3_subdf3)
                  000011ca    00000002     interrupt.o (.text.UART0_IRQHandler)
                  000011cc    00000188     libc.a : e_atan2.c.obj (.text.atan2)
                  00001354    00000170            : e_sqrt.c.obj (.text.sqrt)
                  000014c4    00000134     mspm0_i2c.o (.text.mspm0_i2c_read)
                  000015f8    0000010c     libclang_rt.builtins.a : divdf3.S.obj (.text.__divdf3)
                  00001704    00000108     inv_mpu.o (.text.mpu_read_fifo_stream)
                  0000180c    00000104     driverlib.a : dl_timer.o (.text.DL_Timer_initFourCCPWMMode)
                  00001910    000000fc     interrupt.o (.text.TIMA1_IRQHandler)
                  00001a0c    000000f0     K230_UART.o (.text.K230_cmd)
                  00001afc    000000e8     driverlib.a : dl_timer.o (.text.DL_Timer_initTimerMode)
                  00001be4    000000e4     libclang_rt.builtins.a : muldf3.S.obj (.text.__muldf3)
                  00001cc8    000000d8                            : addsf3.S.obj (.text)
                  00001da0    000000c4     interrupt.o (.text.GROUP1_IRQHandler)
                  00001e64    000000c4     ti_msp_dl_config.o (.text.SYSCFG_DL_initPower)
                  00001f28    000000c4     mspm0_i2c.o (.text.mspm0_i2c_write)
                  00001fec    00000090     ti_msp_dl_config.o (.text.SYSCFG_DL_PWM_MOTOR_init)
                  0000207c    0000008c     ti_msp_dl_config.o (.text.SYSCFG_DL_PWM_SERVO_init)
                  00002108    0000008c     libclang_rt.builtins.a : mulsf3.S.obj (.text.__mulsf3)
                  00002194    0000008c     inv_mpu_dmp_motion_driver.o (.text.decode_gesture)
                  00002220    00000084     clock.o (.text.__NVIC_SetPriority)
                  000022a4    00000084     ti_msp_dl_config.o (.text.__NVIC_SetPriority)
                  00002328    00000082     libclang_rt.builtins.a : divsf3.S.obj (.text.__divsf3)
                  000023aa    00000002                            : aeabi_div0.c.obj (.text.__aeabi_idiv0)
                  000023ac    0000007c     main.o (.text.main)
                  00002428    0000007c     libc.a : copy_decompress_lzss.c.obj (.text:decompress:lzss)
                  000024a4    00000074     libclang_rt.builtins.a : comparedf2.c.obj (.text.__gedf2)
                  00002518    00000008     libc.a : aeabi_portable.c.obj (.text.__aeabi_errno_addr)
                  00002520    00000074     libclang_rt.builtins.a : truncdfsf2.S.obj (.text.__truncdfsf2)
                  00002594    00000070     K230_UART.o (.text.K230_Init)
                  00002604    00000068     libclang_rt.builtins.a : comparedf2.c.obj (.text.__ledf2)
                  0000266c    00000062                            : aeabi_dcmp.S.obj (.text.__aeabi_dcmp)
                  000026ce    00000002     --HOLE-- [fill = 0]
                  000026d0    00000060     mspm0_i2c.o (.text.mpu6050_i2c_sda_unlock)
                  00002730    0000005e     driverlib.a : dl_i2c.o (.text.DL_I2C_fillControllerTXFIFO)
                  0000278e    00000002     --HOLE-- [fill = 0]
                  00002790    0000005c     interrupt.o (.text.Interrupt_Init)
                  000027ec    0000005c     mspm0_i2c.o (.text.mspm0_i2c_enable)
                  00002848    00000058     ti_msp_dl_config.o (.text.SYSCFG_DL_I2C_MPU6050_init)
                  000028a0    00000058     ti_msp_dl_config.o (.text.SYSCFG_DL_I2C_OLED_init)
                  000028f8    00000054     ti_msp_dl_config.o (.text.SYSCFG_DL_UART_0_init)
                  0000294c    00000054     ti_msp_dl_config.o (.text.SYSCFG_DL_UART_1_init)
                  000029a0    00000054     ti_msp_dl_config.o (.text.SYSCFG_DL_UART_2_init)
                  000029f4    00000050     mspm0_i2c.o (.text.DL_I2C_startControllerTransfer)
                  00002a44    00000050     ti_msp_dl_config.o (.text.SYSCFG_DL_init)
                  00002a94    00000050     clock.o (.text.SysTick_Config)
                  00002ae4    0000004c     ti_msp_dl_config.o (.text.DL_UART_setBaudRateDivisor)
                  00002b30    00000048     driverlib.a : dl_uart.o (.text.DL_UART_init)
                  00002b78    00000048     mspm0_i2c.o (.text.mspm0_i2c_disable)
                  00002bc0    00000044     K230_UART.o (.text.nod)
                  00002c04    00000040     libclang_rt.builtins.a : aeabi_uidivmod.S.obj (.text.__aeabi_uidivmod)
                  00002c44    00000040                            : extendsfdf2.S.obj (.text.__extendsfdf2)
                  00002c84    0000003c     mspm0_i2c.o (.text.DL_GPIO_initPeripheralInputFunctionFeatures)
                  00002cc0    0000003c     ti_msp_dl_config.o (.text.DL_GPIO_initPeripheralInputFunctionFeatures)
                  00002cfc    0000003c     driverlib.a : dl_i2c.o (.text.DL_I2C_flushControllerTXFIFO)
                  00002d38    0000003c     ti_msp_dl_config.o (.text.DL_Timer_setCounterControl)
                  00002d74    0000003c     libclang_rt.builtins.a : floatsisf.S.obj (.text.__floatsisf)
                  00002db0    0000003c     libc.a : autoinit.c.obj (.text:__TI_auto_init_nobinit_nopinit)
                  00002dec    0000003a     libclang_rt.builtins.a : muldsi3.S.obj (.text.__muldsi3)
                  00002e26    00000002     --HOLE-- [fill = 0]
                  00002e28    00000034     mspm0_i2c.o (.text.DL_GPIO_initDigitalInputFeatures)
                  00002e5c    00000034     ti_msp_dl_config.o (.text.DL_GPIO_initDigitalInputFeatures)
                  00002e90    00000032     ti_msp_dl_config.o (.text.SYSCFG_DL_SYSCTL_init)
                  00002ec2    00000002     --HOLE-- [fill = 0]
                  00002ec4    00000030     ti_msp_dl_config.o (.text.DL_GPIO_initDigitalOutputFeatures)
                  00002ef4    00000030     clock.o (.text.mspm0_delay_ms)
                  00002f24    0000002c     ti_msp_dl_config.o (.text.SYSCFG_DL_CLOCK_init)
                  00002f50    0000002c     interrupt.o (.text.__NVIC_ClearPendingIRQ)
                  00002f7c    0000002c     interrupt.o (.text.__NVIC_EnableIRQ)
                  00002fa8    0000002c     clock.o (.text.mspm0_get_clock_ms)
                  00002fd4    00000028     mspm0_i2c.o (.text.DL_Common_updateReg)
                  00002ffc    00000028     ti_msp_dl_config.o (.text.DL_Common_updateReg)
                  00003024    00000028     ti_msp_dl_config.o (.text.DL_I2C_setControllerRXFIFOThreshold)
                  0000304c    00000028     ti_msp_dl_config.o (.text.DL_I2C_setControllerTXFIFOThreshold)
                  00003074    00000028     libc.a : boot_cortex_m.c.obj (.text:_c_int00_noargs)
                  0000309c    00000026     ti_msp_dl_config.o (.text.DL_I2C_setAnalogGlitchFilterPulseWidth)
                  000030c2    00000026     driverlib.a : dl_i2c.o (.text.DL_I2C_setClockConfig)
                  000030e8    00000020     ti_msp_dl_config.o (.text.DL_GPIO_initPeripheralInputFunction)
                  00003108    00000020     driverlib.a : dl_uart.o (.text.DL_UART_receiveDataBlocking)
                  00003128    0000001e     ti_msp_dl_config.o (.text.DL_UART_setOversampling)
                  00003146    00000002     --HOLE-- [fill = 0]
                  00003148    0000001c     ti_msp_dl_config.o (.text.DL_GPIO_clearInterruptStatus)
                  00003164    0000001c     mspm0_i2c.o (.text.DL_GPIO_enableHiZ)
                  00003180    0000001c     ti_msp_dl_config.o (.text.DL_GPIO_enableHiZ)
                  0000319c    0000001c     ti_msp_dl_config.o (.text.DL_GPIO_enableInterrupt)
                  000031b8    0000001c     ti_msp_dl_config.o (.text.DL_GPIO_initPeripheralOutputFunction)
                  000031d4    0000001c     ti_msp_dl_config.o (.text.DL_GPIO_setLowerPinsPolarity)
                  000031f0    0000001c     mspm0_i2c.o (.text.DL_I2C_isControllerRXFIFOEmpty)
                  0000320c    0000001c     interrupt.o (.text.DL_Interrupt_getPendingGroup)
                  00003228    0000001c     ti_msp_dl_config.o (.text.DL_SYSCTL_setMCLKDivider)
                  00003244    0000001c     ti_msp_dl_config.o (.text.DL_SYSCTL_setSYSOSCFreq)
                  00003260    0000001c     ti_msp_dl_config.o (.text.DL_SYSCTL_setULPCLKDivider)
                  0000327c    0000001c     driverlib.a : dl_timer.o (.text.DL_Timer_setCaptCompUpdateMethod)
                  00003298    0000001c                 : dl_timer.o (.text.DL_Timer_setClockConfig)
                  000032b4    0000001c     ti_msp_dl_config.o (.text.DL_UART_enableInterrupt)
                  000032d0    0000001a     K230_UART.o (.text.K230_parse_byte)
                  000032ea    00000002     --HOLE-- [fill = 0]
                  000032ec    00000018     mspm0_i2c.o (.text.DL_GPIO_enableOutput)
                  00003304    00000018     ti_msp_dl_config.o (.text.DL_GPIO_enableOutput)
                  0000331c    00000018     ti_msp_dl_config.o (.text.DL_GPIO_enablePower)
                  00003334    00000018     mspm0_i2c.o (.text.DL_GPIO_initDigitalOutput)
                  0000334c    00000018     ti_msp_dl_config.o (.text.DL_GPIO_initDigitalOutput)
                  00003364    00000018     ti_msp_dl_config.o (.text.DL_GPIO_reset)
                  0000337c    00000018     mspm0_i2c.o (.text.DL_GPIO_setPins)
                  00003394    00000018     ti_msp_dl_config.o (.text.DL_GPIO_setPins)
                  000033ac    00000018     ti_msp_dl_config.o (.text.DL_GPIO_setUpperPinsPolarity)
                  000033c4    00000018     mspm0_i2c.o (.text.DL_I2C_clearInterruptStatus)
                  000033dc    00000018     ti_msp_dl_config.o (.text.DL_I2C_enableAnalogGlitchFilter)
                  000033f4    00000018     ti_msp_dl_config.o (.text.DL_I2C_enableController)
                  0000340c    00000018     ti_msp_dl_config.o (.text.DL_I2C_enableControllerClockStretching)
                  00003424    00000018     mspm0_i2c.o (.text.DL_I2C_enablePower)
                  0000343c    00000018     ti_msp_dl_config.o (.text.DL_I2C_enablePower)
                  00003454    00000018     mspm0_i2c.o (.text.DL_I2C_getRawInterruptStatus)
                  0000346c    00000018     mspm0_i2c.o (.text.DL_I2C_reset)
                  00003484    00000018     ti_msp_dl_config.o (.text.DL_I2C_reset)
                  0000349c    00000018     ti_msp_dl_config.o (.text.DL_I2C_setTimerPeriod)
                  000034b4    00000018     ti_msp_dl_config.o (.text.DL_SYSCTL_setBORThreshold)
                  000034cc    00000018     ti_msp_dl_config.o (.text.DL_Timer_enablePower)
                  000034e4    00000018     ti_msp_dl_config.o (.text.DL_Timer_reset)
                  000034fc    00000018     driverlib.a : dl_timer.o (.text.DL_Timer_setCaptureCompareOutCtl)
                  00003514    00000018     interrupt.o (.text.DL_Timer_startCounter)
                  0000352c    00000018     ti_msp_dl_config.o (.text.DL_UART_enablePower)
                  00003544    00000018     K230_UART.o (.text.DL_UART_isBusy)
                  0000355c    00000018     main.o (.text.DL_UART_isBusy)
                  00003574    00000018     ti_msp_dl_config.o (.text.DL_UART_reset)
                  0000358c    00000016     interrupt.o (.text.DL_GPIO_readPins)
                  000035a2    00000016     mspm0_i2c.o (.text.DL_GPIO_readPins)
                  000035b8    00000016     mspm0_i2c.o (.text.DL_I2C_transmitControllerData)
                  000035ce    00000016     ti_msp_dl_config.o (.text.DL_UART_enable)
                  000035e4    00000016     K230_UART.o (.text.DL_UART_transmitData)
                  000035fa    00000016     main.o (.text.DL_UART_transmitData)
                  00003610    00000016     libc.a : copy_zero_init.c.obj (.text:decompress:ZI:__TI_zero_init_nomemset)
                  00003626    00000014     mspm0_i2c.o (.text.DL_GPIO_clearPins)
                  0000363a    00000014     ti_msp_dl_config.o (.text.DL_GPIO_clearPins)
                  0000364e    00000002     --HOLE-- [fill = 0]
                  00003650    00000014     mspm0_i2c.o (.text.DL_I2C_getControllerStatus)
                  00003664    00000014     mspm0_i2c.o (.text.DL_I2C_receiveControllerData)
                  00003678    00000014     ti_msp_dl_config.o (.text.DL_I2C_resetControllerTransfer)
                  0000368c    00000014     ti_msp_dl_config.o (.text.DL_SYSCTL_disableSYSPLL)
                  000036a0    00000014     ti_msp_dl_config.o (.text.DL_Timer_enableClock)
                  000036b4    00000014     ti_msp_dl_config.o (.text.DL_Timer_setCCPDirection)
                  000036c8    00000014     clock.o (.text.SysTick_Init)
                  000036dc    00000012     interrupt.o (.text.DL_GPIO_getPendingInterrupt)
                  000036ee    00000012     driverlib.a : dl_uart.o (.text.DL_UART_setClockConfig)
                  00003700    00000012     libc.a : memcpy16.S.obj (.text:TI_memcpy_small)
                  00003712    00000012            : copy_decompress_none.c.obj (.text:decompress:none)
                  00003724    00000010     ti_msp_dl_config.o (.text.DL_SYSCTL_disableHFXT)
                  00003734    00000010     driverlib.a : dl_timer.o (.text.DL_Timer_setCaptureCompareValue)
                  00003744    00000010     interrupt.o (.text.SysTick_Handler)
                  00003754    00000010     oled_hardware_i2c.o (.text.delay_ms)
                  00003764    0000000a     driverlib.a : dl_common.o (.text.DL_Common_delayCycles)
                  0000376e    0000000a     libc.a : e_asin.c.obj (.text.OUTLINED_FUNCTION_0)
                  00003778    00000010     libclang_rt.builtins.a : muldf3.S.obj (.tramp.__aeabi_dmul.1)
                  00003788    0000000a     libc.a : s_atan.c.obj (.text.OUTLINED_FUNCTION_0)
                  00003792    0000000a            : e_asin.c.obj (.text.OUTLINED_FUNCTION_1)
                  0000379c    0000000a            : e_asin.c.obj (.text.OUTLINED_FUNCTION_3)
                  000037a6    00000002     --HOLE-- [fill = 0]
                  000037a8    00000010     libclang_rt.builtins.a : divdf3.S.obj (.tramp.__aeabi_ddiv.1)
                  000037b8    00000008     libc.a : s_atan.c.obj (.text.OUTLINED_FUNCTION_2)
                  000037c0    00000008     libclang_rt.builtins.a : aeabi_memcpy.S.obj (.text.__aeabi_memcpy)
                  000037c8    00000006     libc.a : s_atan.c.obj (.text.OUTLINED_FUNCTION_1)
                  000037ce    00000002     --HOLE-- [fill = 0]
                  000037d0    00000010     libclang_rt.builtins.a : adddf3.S.obj (.tramp.__aeabi_dadd.1)
                  000037e0    00000006     libc.a : e_asin.c.obj (.text.OUTLINED_FUNCTION_2)
                  000037e6    00000006            : exit.c.obj (.text:abort)
                  000037ec    00000004     startup_mspm0g350x_ticlang.o (.text.Default_Handler)
                  000037f0    00000004     libsysbm.a : hostexit.c.obj (.text.HOSTexit)
                  000037f4    00000004     libc.a : e_asin.c.obj (.text.OUTLINED_FUNCTION_4)
                  000037f8    00000004     startup_mspm0g350x_ticlang.o (.text.Reset_Handler)
                  000037fc    00000004     libc.a : pre_init.c.obj (.text._system_pre_init)

.cinit     0    000038e8    00000038     
                  000038e8    00000013     (.cinit..data.load) [load image, compression = lzss]
                  000038fb    00000001     --HOLE-- [fill = 0]
                  000038fc    0000000c     (__TI_handler_table)
                  00003908    00000008     (.cinit..bss.load) [load image, compression = zero_init]
                  00003910    00000010     (__TI_cinit_table)

.rodata    0    00003800    000000e8     
                  00003800    00000040     libc.a : s_atan.c.obj (.rodata.cst32)
                  00003840    00000028     inv_mpu.o (.rodata.test)
                  00003868    0000001e     inv_mpu.o (.rodata.reg)
                  00003886    00000002     ti_msp_dl_config.o (.rodata.gI2C_MPU6050ClockConfig)
                  00003888    00000014     ti_msp_dl_config.o (.rodata.gCLOCKTimerConfig)
                  0000389c    0000000c     inv_mpu.o (.rodata.hw)
                  000038a8    0000000a     ti_msp_dl_config.o (.rodata.gUART_0Config)
                  000038b2    0000000a     ti_msp_dl_config.o (.rodata.gUART_1Config)
                  000038bc    0000000a     ti_msp_dl_config.o (.rodata.gUART_2Config)
                  000038c6    00000002     ti_msp_dl_config.o (.rodata.gI2C_OLEDClockConfig)
                  000038c8    00000008     ti_msp_dl_config.o (.rodata.gPWM_MOTORConfig)
                  000038d0    00000008     ti_msp_dl_config.o (.rodata.gPWM_SERVOConfig)
                  000038d8    00000003     ti_msp_dl_config.o (.rodata.gCLOCKClockConfig)
                  000038db    00000003     ti_msp_dl_config.o (.rodata.gPWM_MOTORClockConfig)
                  000038de    00000003     ti_msp_dl_config.o (.rodata.gPWM_SERVOClockConfig)
                  000038e1    00000002     ti_msp_dl_config.o (.rodata.gUART_0ClockConfig)
                  000038e3    00000002     ti_msp_dl_config.o (.rodata.gUART_1ClockConfig)
                  000038e5    00000002     ti_msp_dl_config.o (.rodata.gUART_2ClockConfig)
                  000038e7    00000001     --HOLE-- [fill = 0]

.init_array 
*          0    00000000    00000000     UNINITIALIZED

.binit     0    00000000    00000000     

.bss       0    20200000    000001e9     UNINITIALIZED
                  20200000    000000bc     (.common:gPWM_MOTORBackup)
                  202000bc    000000bc     (.common:gPWM_SERVOBackup)
                  20200178    00000030     (.common:gUART_2Backup)
                  202001a8    00000010     (.common:quat)
                  202001b8    00000008     (.common:sensor_val)
                  202001c0    00000006     (.common:accel)
                  202001c6    00000006     (.common:gyro)
                  202001cc    00000004     (.common:pitch)
                  202001d0    00000004     (.common:roll)
                  202001d4    00000004     (.common:sensor_timestamp)
                  202001d8    00000004     (.common:start_time)
                  202001dc    00000004     (.common:tick_ms)
                  202001e0    00000004     (.common:yaw)
                  202001e4    00000002     (.common:State)
                  202001e6    00000002     (.common:sensors)
                  202001e8    00000001     (.common:more)

.data      0    202001ec    00000044     UNINITIALIZED
                  202001ec    0000002c     inv_mpu.o (.data.st)
                  20200218    00000010     inv_mpu_dmp_motion_driver.o (.data.dmp)
                  20200228    00000004     libc.a : aeabi_portable.c.obj (.data.__aeabi_errno)
                  2020022c    00000001     interrupt.o (.data.enable_group1_irq)
                  2020022d    00000001     interrupt.o (.data.enable_tima1_irq)
                  2020022e    00000001     interrupt.o (.data.enable_uart_irq)
                  2020022f    00000001     interrupt.o (.data.key_pressed)

.stack     0    20207e00    00000200     UNINITIALIZED
                  20207e00    00000004     libc.a : boot_cortex_m.c.obj (.stack)
                  20207e04    000001fc     --HOLE--

__llvm_prf_cnts 
*          0    20200000    00000000     UNINITIALIZED

__llvm_prf_bits 
*          0    20200000    00000000     UNINITIALIZED

MODULE SUMMARY

       Module                         code    ro data   rw data
       ------                         ----    -------   -------
    .\
       ti_msp_dl_config.o             3248    85        424    
       startup_mspm0g350x_ticlang.o   8       192       0      
       main.o                         170     0         10     
    +--+------------------------------+-------+---------+---------+
       Total:                         3426    277       434    
                                                               
    .\Drivers\K230_UART\
       K230_UART.o                    492     0         0      
    +--+------------------------------+-------+---------+---------+
       Total:                         492     0         0      
                                                               
    .\Drivers\MPU6050\
       mspm0_i2c.o                    1324    0         0      
       inv_mpu.o                      820     82        44     
       inv_mpu_dmp_motion_driver.o    640     0         16     
       mpu6050.o                      556     0         47     
    +--+------------------------------+-------+---------+---------+
       Total:                         3340    82        107    
                                                               
    .\Drivers\MSPM0\
       interrupt.o                    738     0         4      
       clock.o                        324     0         8      
    +--+------------------------------+-------+---------+---------+
       Total:                         1062    0         12     
                                                               
    .\Drivers\OLED_Hardware_I2C\
       oled_hardware_i2c.o            16      0         0      
    +--+------------------------------+-------+---------+---------+
       Total:                         16      0         0      
                                                               
    C:/ti/mspm0_sdk_2_05_01_00/source/ti/driverlib/lib/ticlang/m0p/mspm0g1x0x_g3x0x/driverlib.a
       dl_timer.o                     588     0         0      
       dl_i2c.o                       192     0         0      
       dl_uart.o                      122     0         0      
       dl_common.o                    10      0         0      
    +--+------------------------------+-------+---------+---------+
       Total:                         912     0         0      
                                                               
    C:\ti\ccs2020\ccs\tools\compiler\ti-cgt-armllvm_4.0.3.LTS\lib\armv6m-ti-none-eabi/c/libc.a
       e_asin.c.obj                   908     0         0      
       s_atan.c.obj                   784     64        0      
       e_atan2.c.obj                  392     0         0      
       e_sqrt.c.obj                   368     0         0      
       copy_decompress_lzss.c.obj     124     0         0      
       autoinit.c.obj                 60      0         0      
       boot_cortex_m.c.obj            40      0         0      
       copy_zero_init.c.obj           22      0         0      
       copy_decompress_none.c.obj     18      0         0      
       memcpy16.S.obj                 18      0         0      
       aeabi_portable.c.obj           8       0         4      
       exit.c.obj                     6       0         0      
       pre_init.c.obj                 4       0         0      
    +--+------------------------------+-------+---------+---------+
       Total:                         2752    64        4      
                                                               
    C:\ti\ccs2020\ccs\tools\compiler\ti-cgt-armllvm_4.0.3.LTS\lib\armv6m-ti-none-eabi/c/libsysbm.a
       hostexit.c.obj                 4       0         0      
    +--+------------------------------+-------+---------+---------+
       Total:                         4       0         0      
                                                               
    C:\ti\ccs2020\ccs\tools\compiler\ti-cgt-armllvm_4.0.3.LTS\lib\armv6m-ti-none-eabi/libclang_rt.builtins.a
       adddf3.S.obj                   418     0         0      
       divdf3.S.obj                   284     0         0      
       muldf3.S.obj                   244     0         0      
       comparedf2.c.obj               220     0         0      
       addsf3.S.obj                   216     0         0      
       mulsf3.S.obj                   140     0         0      
       divsf3.S.obj                   130     0         0      
       truncdfsf2.S.obj               116     0         0      
       aeabi_dcmp.S.obj               98      0         0      
       aeabi_uidivmod.S.obj           64      0         0      
       extendsfdf2.S.obj              64      0         0      
       floatsisf.S.obj                60      0         0      
       muldsi3.S.obj                  58      0         0      
       aeabi_memcpy.S.obj             8       0         0      
       aeabi_div0.c.obj               2       0         0      
    +--+------------------------------+-------+---------+---------+
       Total:                         2122    0         0      
                                                               
       Stack:                         0       0         512    
       Linker Generated:              0       55        0      
    +--+------------------------------+-------+---------+---------+
       Grand Total:                   14126   478       1069   


LINKER GENERATED COPY TABLES

__TI_cinit_table @ 00003910 records: 2, size/record: 8, table size: 16
	.data: load addr=000038e8, load size=00000013 bytes, run addr=202001ec, run size=00000044 bytes, compression=lzss
	.bss: load addr=00003908, load size=00000008 bytes, run addr=20200000, run size=000001e9 bytes, compression=zero_init


LINKER GENERATED HANDLER TABLE

__TI_handler_table @ 000038fc records: 3, size/record: 4, table size: 12
	index: 0, handler: __TI_decompress_lzss
	index: 1, handler: __TI_decompress_none
	index: 2, handler: __TI_zero_init


FAR CALL TRAMPOLINES

callee name               trampoline name
   callee addr  tramp addr   call addr  call info
--------------  -----------  ---------  ----------------
__aeabi_dmul              $Tramp$TT$L$PI$$__aeabi_dmul
   00001be5     00003778     00003776   libc.a : e_asin.c.obj (.text.OUTLINED_FUNCTION_0)
                             00003790          : s_atan.c.obj (.text.OUTLINED_FUNCTION_0)
                             0000379a          : e_asin.c.obj (.text.OUTLINED_FUNCTION_1)
                             000037be          : s_atan.c.obj (.text.OUTLINED_FUNCTION_2)
                             000037e4          : e_asin.c.obj (.text.OUTLINED_FUNCTION_2)
__aeabi_ddiv              $Tramp$TT$L$PI$$__aeabi_ddiv
   000015f9     000037a8     000037a4   libc.a : e_asin.c.obj (.text.OUTLINED_FUNCTION_3)
__aeabi_dadd              $Tramp$TT$L$PI$$__aeabi_dadd
   00001043     000037d0     000037cc   libc.a : s_atan.c.obj (.text.OUTLINED_FUNCTION_1)
                             000037f6          : e_asin.c.obj (.text.OUTLINED_FUNCTION_4)

[3 trampolines]
[8 trampoline calls]


GLOBAL SYMBOLS: SORTED ALPHABETICALLY BY Name 

address   name                            
-------   ----                            
000037ed  ADC0_IRQHandler                 
000037ed  ADC1_IRQHandler                 
000037ed  AES_IRQHandler                  
000037f0  C$$EXIT                         
000037ed  CANFD0_IRQHandler               
000037ed  DAC0_IRQHandler                 
00003765  DL_Common_delayCycles           
00002731  DL_I2C_fillControllerTXFIFO     
00002cfd  DL_I2C_flushControllerTXFIFO    
000030c3  DL_I2C_setClockConfig           
0000180d  DL_Timer_initFourCCPWMMode      
00001afd  DL_Timer_initTimerMode          
0000327d  DL_Timer_setCaptCompUpdateMethod
000034fd  DL_Timer_setCaptureCompareOutCtl
00003735  DL_Timer_setCaptureCompareValue 
00003299  DL_Timer_setClockConfig         
00002b31  DL_UART_init                    
00003109  DL_UART_receiveDataBlocking     
000036ef  DL_UART_setClockConfig          
000037ed  DMA_IRQHandler                  
000037ed  Default_Handler                 
000037ed  GROUP0_IRQHandler               
00001da1  GROUP1_IRQHandler               
000037f1  HOSTexit                        
000037ed  HardFault_Handler               
000037ed  I2C0_IRQHandler                 
000037ed  I2C1_IRQHandler                 
00002791  Interrupt_Init                  
00002595  K230_Init                       
00001a0d  K230_cmd                        
000032d1  K230_parse_byte                 
000037ed  NMI_Handler                     
000037ed  PendSV_Handler                  
000037ed  RTC_IRQHandler                  
000009ed  Read_Quad                       
000037f9  Reset_Handler                   
000037ed  SPI0_IRQHandler                 
000037ed  SPI1_IRQHandler                 
000037ed  SVC_Handler                     
00002f25  SYSCFG_DL_CLOCK_init            
0000071d  SYSCFG_DL_GPIO_init             
00002849  SYSCFG_DL_I2C_MPU6050_init      
000028a1  SYSCFG_DL_I2C_OLED_init         
00001fed  SYSCFG_DL_PWM_MOTOR_init        
0000207d  SYSCFG_DL_PWM_SERVO_init        
00002e91  SYSCFG_DL_SYSCTL_init           
000028f9  SYSCFG_DL_UART_0_init           
0000294d  SYSCFG_DL_UART_1_init           
000029a1  SYSCFG_DL_UART_2_init           
00002a45  SYSCFG_DL_init                  
00001e65  SYSCFG_DL_initPower             
202001e4  State                           
00003745  SysTick_Handler                 
000036c9  SysTick_Init                    
000037ed  TIMA0_IRQHandler                
00001911  TIMA1_IRQHandler                
000037ed  TIMG0_IRQHandler                
000037ed  TIMG12_IRQHandler               
000037ed  TIMG6_IRQHandler                
000037ed  TIMG7_IRQHandler                
000037ed  TIMG8_IRQHandler                
00003701  TI_memcpy_small                 
000011cb  UART0_IRQHandler                
000037ed  UART1_IRQHandler                
000037ed  UART2_IRQHandler                
000037ed  UART3_IRQHandler                
20208000  __STACK_END                     
00000200  __STACK_SIZE                    
00000000  __TI_ATRegion0_region_sz        
00000000  __TI_ATRegion0_src_addr         
00000000  __TI_ATRegion0_trg_addr         
00000000  __TI_ATRegion1_region_sz        
00000000  __TI_ATRegion1_src_addr         
00000000  __TI_ATRegion1_trg_addr         
00000000  __TI_ATRegion2_region_sz        
00000000  __TI_ATRegion2_src_addr         
00000000  __TI_ATRegion2_trg_addr         
00003910  __TI_CINIT_Base                 
00003920  __TI_CINIT_Limit                
00003920  __TI_CINIT_Warm                 
000038fc  __TI_Handler_Table_Base         
00003908  __TI_Handler_Table_Limit        
00002db1  __TI_auto_init_nobinit_nopinit  
00002429  __TI_decompress_lzss            
00003713  __TI_decompress_none            
ffffffff  __TI_pprof_out_hndl             
ffffffff  __TI_prof_data_size             
ffffffff  __TI_prof_data_start            
00000000  __TI_static_base__              
00003611  __TI_zero_init_nomemset         
00001043  __adddf3                        
00001cd3  __addsf3                        
00002521  __aeabi_d2f                     
00001043  __aeabi_dadd                    
0000266d  __aeabi_dcmpeq                  
000026a9  __aeabi_dcmpge                  
000026bd  __aeabi_dcmpgt                  
00002695  __aeabi_dcmple                  
00002681  __aeabi_dcmplt                  
000015f9  __aeabi_ddiv                    
00001be5  __aeabi_dmul                    
00001039  __aeabi_dsub                    
20200228  __aeabi_errno                   
00002519  __aeabi_errno_addr              
00002c45  __aeabi_f2d                     
00001cd3  __aeabi_fadd                    
00002329  __aeabi_fdiv                    
00002109  __aeabi_fmul                    
00001cc9  __aeabi_fsub                    
00002d75  __aeabi_i2f                     
000023ab  __aeabi_idiv0                   
000037c1  __aeabi_memcpy                  
000037c1  __aeabi_memcpy4                 
000037c1  __aeabi_memcpy8                 
00002c05  __aeabi_uidiv                   
00002c05  __aeabi_uidivmod                
ffffffff  __binit__                       
00002605  __cmpdf2                        
000015f9  __divdf3                        
00002329  __divsf3                        
00002605  __eqdf2                         
00002c45  __extendsfdf2                   
00002d75  __floatsisf                     
000024a5  __gedf2                         
000024a5  __gtdf2                         
00002605  __ledf2                         
00002605  __ltdf2                         
UNDEFED   __mpu_init                      
00001be5  __muldf3                        
00002ded  __muldsi3                       
00002109  __mulsf3                        
00002605  __nedf2                         
20207e00  __stack                         
20200000  __start___llvm_prf_bits         
20200000  __start___llvm_prf_cnts         
20200000  __stop___llvm_prf_bits          
20200000  __stop___llvm_prf_cnts          
00001039  __subdf3                        
00001cc9  __subsf3                        
00002521  __truncdfsf2                    
00003075  _c_int00_noargs                 
UNDEFED   _system_post_cinit              
000037fd  _system_pre_init                
000037e7  abort                           
202001c0  accel                           
000000c1  asin                            
000000c1  asinl                           
00000425  atan                            
000011cd  atan2                           
000011cd  atan2l                          
00000425  atanl                           
ffffffff  binit                           
00003755  delay_ms                        
00000e45  dmp_read_fifo                   
2020022c  enable_group1_irq               
2020022d  enable_tima1_irq                
2020022e  enable_uart_irq                 
20200000  gPWM_MOTORBackup                
202000bc  gPWM_SERVOBackup                
20200178  gUART_2Backup                   
202001c6  gyro                            
0000389c  hw                              
00000000  interruptVectors                
2020022f  key_pressed                     
000023ad  main                            
202001e8  more                            
000026d1  mpu6050_i2c_sda_unlock          
00001705  mpu_read_fifo_stream            
00000c19  mpu_reset_fifo                  
00002ef5  mspm0_delay_ms                  
00002fa9  mspm0_get_clock_ms              
000014c5  mspm0_i2c_read                  
00001f29  mspm0_i2c_write                 
00002bc1  nod                             
202001cc  pitch                           
202001a8  quat                            
00003868  reg                             
202001d0  roll                            
202001d4  sensor_timestamp                
202001b8  sensor_val                      
202001e6  sensors                         
00001355  sqrt                            
00001355  sqrtl                           
202001d8  start_time                      
00003840  test                            
202001dc  tick_ms                         
202001e0  yaw                             


GLOBAL SYMBOLS: SORTED BY Symbol Address 

address   name                            
-------   ----                            
00000000  __TI_ATRegion0_region_sz        
00000000  __TI_ATRegion0_src_addr         
00000000  __TI_ATRegion0_trg_addr         
00000000  __TI_ATRegion1_region_sz        
00000000  __TI_ATRegion1_src_addr         
00000000  __TI_ATRegion1_trg_addr         
00000000  __TI_ATRegion2_region_sz        
00000000  __TI_ATRegion2_src_addr         
00000000  __TI_ATRegion2_trg_addr         
00000000  __TI_static_base__              
00000000  interruptVectors                
000000c1  asin                            
000000c1  asinl                           
00000200  __STACK_SIZE                    
00000425  atan                            
00000425  atanl                           
0000071d  SYSCFG_DL_GPIO_init             
000009ed  Read_Quad                       
00000c19  mpu_reset_fifo                  
00000e45  dmp_read_fifo                   
00001039  __aeabi_dsub                    
00001039  __subdf3                        
00001043  __adddf3                        
00001043  __aeabi_dadd                    
000011cb  UART0_IRQHandler                
000011cd  atan2                           
000011cd  atan2l                          
00001355  sqrt                            
00001355  sqrtl                           
000014c5  mspm0_i2c_read                  
000015f9  __aeabi_ddiv                    
000015f9  __divdf3                        
00001705  mpu_read_fifo_stream            
0000180d  DL_Timer_initFourCCPWMMode      
00001911  TIMA1_IRQHandler                
00001a0d  K230_cmd                        
00001afd  DL_Timer_initTimerMode          
00001be5  __aeabi_dmul                    
00001be5  __muldf3                        
00001cc9  __aeabi_fsub                    
00001cc9  __subsf3                        
00001cd3  __addsf3                        
00001cd3  __aeabi_fadd                    
00001da1  GROUP1_IRQHandler               
00001e65  SYSCFG_DL_initPower             
00001f29  mspm0_i2c_write                 
00001fed  SYSCFG_DL_PWM_MOTOR_init        
0000207d  SYSCFG_DL_PWM_SERVO_init        
00002109  __aeabi_fmul                    
00002109  __mulsf3                        
00002329  __aeabi_fdiv                    
00002329  __divsf3                        
000023ab  __aeabi_idiv0                   
000023ad  main                            
00002429  __TI_decompress_lzss            
000024a5  __gedf2                         
000024a5  __gtdf2                         
00002519  __aeabi_errno_addr              
00002521  __aeabi_d2f                     
00002521  __truncdfsf2                    
00002595  K230_Init                       
00002605  __cmpdf2                        
00002605  __eqdf2                         
00002605  __ledf2                         
00002605  __ltdf2                         
00002605  __nedf2                         
0000266d  __aeabi_dcmpeq                  
00002681  __aeabi_dcmplt                  
00002695  __aeabi_dcmple                  
000026a9  __aeabi_dcmpge                  
000026bd  __aeabi_dcmpgt                  
000026d1  mpu6050_i2c_sda_unlock          
00002731  DL_I2C_fillControllerTXFIFO     
00002791  Interrupt_Init                  
00002849  SYSCFG_DL_I2C_MPU6050_init      
000028a1  SYSCFG_DL_I2C_OLED_init         
000028f9  SYSCFG_DL_UART_0_init           
0000294d  SYSCFG_DL_UART_1_init           
000029a1  SYSCFG_DL_UART_2_init           
00002a45  SYSCFG_DL_init                  
00002b31  DL_UART_init                    
00002bc1  nod                             
00002c05  __aeabi_uidiv                   
00002c05  __aeabi_uidivmod                
00002c45  __aeabi_f2d                     
00002c45  __extendsfdf2                   
00002cfd  DL_I2C_flushControllerTXFIFO    
00002d75  __aeabi_i2f                     
00002d75  __floatsisf                     
00002db1  __TI_auto_init_nobinit_nopinit  
00002ded  __muldsi3                       
00002e91  SYSCFG_DL_SYSCTL_init           
00002ef5  mspm0_delay_ms                  
00002f25  SYSCFG_DL_CLOCK_init            
00002fa9  mspm0_get_clock_ms              
00003075  _c_int00_noargs                 
000030c3  DL_I2C_setClockConfig           
00003109  DL_UART_receiveDataBlocking     
0000327d  DL_Timer_setCaptCompUpdateMethod
00003299  DL_Timer_setClockConfig         
000032d1  K230_parse_byte                 
000034fd  DL_Timer_setCaptureCompareOutCtl
00003611  __TI_zero_init_nomemset         
000036c9  SysTick_Init                    
000036ef  DL_UART_setClockConfig          
00003701  TI_memcpy_small                 
00003713  __TI_decompress_none            
00003735  DL_Timer_setCaptureCompareValue 
00003745  SysTick_Handler                 
00003755  delay_ms                        
00003765  DL_Common_delayCycles           
000037c1  __aeabi_memcpy                  
000037c1  __aeabi_memcpy4                 
000037c1  __aeabi_memcpy8                 
000037e7  abort                           
000037ed  ADC0_IRQHandler                 
000037ed  ADC1_IRQHandler                 
000037ed  AES_IRQHandler                  
000037ed  CANFD0_IRQHandler               
000037ed  DAC0_IRQHandler                 
000037ed  DMA_IRQHandler                  
000037ed  Default_Handler                 
000037ed  GROUP0_IRQHandler               
000037ed  HardFault_Handler               
000037ed  I2C0_IRQHandler                 
000037ed  I2C1_IRQHandler                 
000037ed  NMI_Handler                     
000037ed  PendSV_Handler                  
000037ed  RTC_IRQHandler                  
000037ed  SPI0_IRQHandler                 
000037ed  SPI1_IRQHandler                 
000037ed  SVC_Handler                     
000037ed  TIMA0_IRQHandler                
000037ed  TIMG0_IRQHandler                
000037ed  TIMG12_IRQHandler               
000037ed  TIMG6_IRQHandler                
000037ed  TIMG7_IRQHandler                
000037ed  TIMG8_IRQHandler                
000037ed  UART1_IRQHandler                
000037ed  UART2_IRQHandler                
000037ed  UART3_IRQHandler                
000037f0  C$$EXIT                         
000037f1  HOSTexit                        
000037f9  Reset_Handler                   
000037fd  _system_pre_init                
00003840  test                            
00003868  reg                             
0000389c  hw                              
000038fc  __TI_Handler_Table_Base         
00003908  __TI_Handler_Table_Limit        
00003910  __TI_CINIT_Base                 
00003920  __TI_CINIT_Limit                
00003920  __TI_CINIT_Warm                 
20200000  __start___llvm_prf_bits         
20200000  __start___llvm_prf_cnts         
20200000  __stop___llvm_prf_bits          
20200000  __stop___llvm_prf_cnts          
20200000  gPWM_MOTORBackup                
202000bc  gPWM_SERVOBackup                
20200178  gUART_2Backup                   
202001a8  quat                            
202001b8  sensor_val                      
202001c0  accel                           
202001c6  gyro                            
202001cc  pitch                           
202001d0  roll                            
202001d4  sensor_timestamp                
202001d8  start_time                      
202001dc  tick_ms                         
202001e0  yaw                             
202001e4  State                           
202001e6  sensors                         
202001e8  more                            
20200228  __aeabi_errno                   
2020022c  enable_group1_irq               
2020022d  enable_tima1_irq                
2020022e  enable_uart_irq                 
2020022f  key_pressed                     
20207e00  __stack                         
20208000  __STACK_END                     
ffffffff  __TI_pprof_out_hndl             
ffffffff  __TI_prof_data_size             
ffffffff  __TI_prof_data_start            
ffffffff  __binit__                       
ffffffff  binit                           
UNDEFED   __mpu_init                      
UNDEFED   _system_post_cinit              

[187 symbols]
