******************************************************************************
            TI ARM Clang Linker Unix v4.0.3                    
******************************************************************************
>> Linked Sat Aug  2 06:28:09 2025

OUTPUT FILE NAME:   <Template_New_UART.out>
ENTRY POINT SYMBOL: "_c_int00_noargs"  address: 000012d1


MEMORY CONFIGURATION

         name            origin    length      used     unused   attr    fill
----------------------  --------  ---------  --------  --------  ----  --------
  FLASH                 00000000   00020000  00001790  0001e870  R  X
  SRAM                  20200000   00008000  000003cf  00007c31  RW X
  BCR_CONFIG            41c00000   000000ff  00000000  000000ff  R   
  BSL_CONFIG            41c00100   00000080  00000000  00000080  R   


SEGMENT ALLOCATION MAP

run origin  load origin   length   init length attrs members
----------  ----------- ---------- ----------- ----- -------
00000000    00000000    00001790   00001790    r-x
  00000000    00000000    000000c0   000000c0    r-- .intvecs
  000000c0    000000c0    00001658   00001658    r-x .text
  00001718    00001718    00000048   00000048    r-- .rodata
  00001760    00001760    00000030   00000030    r-- .cinit
20200000    20200000    000001d2   00000000    rw-
  20200000    20200000    00000181   00000000    rw- .bss
  20200184    20200184    0000004e   00000000    rw- .data
20207e00    20207e00    00000200   00000000    rw-
  20207e00    20207e00    00000200   00000000    rw- .stack


SECTION ALLOCATION MAP

 output                                  attributes/
section   page    origin      length       input sections
--------  ----  ----------  ----------   ----------------
.intvecs   0    00000000    000000c0     
                  00000000    000000c0     startup_mspm0g350x_ticlang.o (.intvecs)

.text      0    000000c0    00001658     
                  000000c0    00000130     ti_msp_dl_config.o (.text.SYSCFG_DL_GPIO_init)
                  000001f0    00000104     driverlib.a : dl_timer.o (.text.DL_Timer_initFourCCPWMMode)
                  000002f4    000000e8                 : dl_timer.o (.text.DL_Timer_initTimerMode)
                  000003dc    000000de     servo.o (.text.PID_Calculate)
                  000004ba    00000002     --HOLE-- [fill = 0]
                  000004bc    000000d8     libclang_rt.builtins.a : addsf3.S.obj (.text)
                  00000594    000000a0     main.o (.text.main)
                  00000634    00000098     servo.o (.text.Update_Servo_Position)
                  000006cc    0000008c     ti_msp_dl_config.o (.text.SYSCFG_DL_PWM_SERVO_init)
                  00000758    0000008c     ti_msp_dl_config.o (.text.SYSCFG_DL_initPower)
                  000007e4    0000008c     libclang_rt.builtins.a : mulsf3.S.obj (.text.__mulsf3)
                  00000870    00000088     servo.o (.text.Set_Servo_Angle)
                  000008f8    00000084     clock.o (.text.__NVIC_SetPriority)
                  0000097c    00000084     ti_msp_dl_config.o (.text.__NVIC_SetPriority)
                  00000a00    00000082     libclang_rt.builtins.a : divsf3.S.obj (.text.__divsf3)
                  00000a82    00000002     --HOLE-- [fill = 0]
                  00000a84    0000007c     libc.a : copy_decompress_lzss.c.obj (.text:decompress:lzss)
                  00000b00    00000078     servo.o (.text.Map_Coordinate_To_Angle)
                  00000b78    00000070     servo.o (.text.Servo_Limitation)
                  00000be8    00000062     libclang_rt.builtins.a : aeabi_fcmp.S.obj (.text.__aeabi_fcmp)
                  00000c4a    00000002     --HOLE-- [fill = 0]
                  00000c4c    0000005c     servo.o (.text.Angle_To_PWM)
                  00000ca8    00000054     ti_msp_dl_config.o (.text.SYSCFG_DL_UART_0_init)
                  00000cfc    00000054     ti_msp_dl_config.o (.text.SYSCFG_DL_UART_1_init)
                  00000d50    00000054     ti_msp_dl_config.o (.text.SYSCFG_DL_UART_2_init)
                  00000da4    00000050     clock.o (.text.SysTick_Config)
                  00000df4    0000004c     ti_msp_dl_config.o (.text.DL_UART_setBaudRateDivisor)
                  00000e40    00000048     driverlib.a : dl_uart.o (.text.DL_UART_init)
                  00000e88    00000044     servo.o (.text.PID_Init)
                  00000ecc    00000040     ti_msp_dl_config.o (.text.SYSCFG_DL_CLOCK_init)
                  00000f0c    0000003e     servo.o (.text.Clamp_Angle)
                  00000f4a    00000002     --HOLE-- [fill = 0]
                  00000f4c    0000003c     ti_msp_dl_config.o (.text.DL_Timer_setCounterControl)
                  00000f88    0000003c     interrupt.o (.text.Interrupt_Init)
                  00000fc4    0000003c     libclang_rt.builtins.a : comparesf2.S.obj (.text.__gtsf2)
                  00001000    0000003c     libc.a : autoinit.c.obj (.text:__TI_auto_init_nobinit_nopinit)
                  0000103c    0000003a     libclang_rt.builtins.a : comparesf2.S.obj (.text.__eqsf2)
                  00001076    00000002     --HOLE-- [fill = 0]
                  00001078    0000003a                            : muldsi3.S.obj (.text.__muldsi3)
                  000010b2    00000002     --HOLE-- [fill = 0]
                  000010b4    00000038     ti_msp_dl_config.o (.text.SYSCFG_DL_init)
                  000010ec    00000038     interrupt.o (.text.UART0_IRQHandler)
                  00001124    00000038     libclang_rt.builtins.a : fixsfsi.S.obj (.text.__fixsfsi)
                  0000115c    00000034     ti_msp_dl_config.o (.text.DL_GPIO_initDigitalInputFeatures)
                  00001190    00000032     ti_msp_dl_config.o (.text.SYSCFG_DL_SYSCTL_init)
                  000011c2    00000002     --HOLE-- [fill = 0]
                  000011c4    00000030     ti_msp_dl_config.o (.text.DL_GPIO_initDigitalOutputFeatures)
                  000011f4    00000030     clock.o (.text.mspm0_delay_ms)
                  00001224    0000002c     interrupt.o (.text.__NVIC_ClearPendingIRQ)
                  00001250    0000002c     interrupt.o (.text.__NVIC_EnableIRQ)
                  0000127c    0000002c     key.o (.text.__NVIC_EnableIRQ)
                  000012a8    00000028     ti_msp_dl_config.o (.text.DL_Common_updateReg)
                  000012d0    00000028     libc.a : boot_cortex_m.c.obj (.text:_c_int00_noargs)
                  000012f8    00000024     servo.o (.text.Servo_Init)
                  0000131c    00000020     ti_msp_dl_config.o (.text.DL_GPIO_initPeripheralInputFunction)
                  0000133c    00000020     driverlib.a : dl_uart.o (.text.DL_UART_transmitDataBlocking)
                  0000135c    0000001e     ti_msp_dl_config.o (.text.DL_UART_setOversampling)
                  0000137a    00000002     --HOLE-- [fill = 0]
                  0000137c    0000001c     ti_msp_dl_config.o (.text.DL_GPIO_clearInterruptStatus)
                  00001398    0000001c     ti_msp_dl_config.o (.text.DL_GPIO_enableInterrupt)
                  000013b4    0000001c     ti_msp_dl_config.o (.text.DL_GPIO_initPeripheralOutputFunction)
                  000013d0    0000001c     interrupt.o (.text.DL_Interrupt_getPendingGroup)
                  000013ec    0000001c     ti_msp_dl_config.o (.text.DL_SYSCTL_setMCLKDivider)
                  00001408    0000001c     ti_msp_dl_config.o (.text.DL_SYSCTL_setSYSOSCFreq)
                  00001424    0000001c     ti_msp_dl_config.o (.text.DL_SYSCTL_setULPCLKDivider)
                  00001440    0000001c     ti_msp_dl_config.o (.text.DL_Timer_enableInterrupt)
                  0000145c    0000001c     driverlib.a : dl_timer.o (.text.DL_Timer_setCaptCompUpdateMethod)
                  00001478    0000001c                 : dl_timer.o (.text.DL_Timer_setClockConfig)
                  00001494    0000001c     ti_msp_dl_config.o (.text.DL_UART_enableInterrupt)
                  000014b0    0000001c     K230_UART.o (.text.UART_0_Send_Char)
                  000014cc    00000018     ti_msp_dl_config.o (.text.DL_GPIO_enableOutput)
                  000014e4    00000018     ti_msp_dl_config.o (.text.DL_GPIO_enablePower)
                  000014fc    00000018     ti_msp_dl_config.o (.text.DL_GPIO_reset)
                  00001514    00000018     ti_msp_dl_config.o (.text.DL_GPIO_setUpperPinsPolarity)
                  0000152c    00000018     ti_msp_dl_config.o (.text.DL_SYSCTL_setBORThreshold)
                  00001544    00000018     ti_msp_dl_config.o (.text.DL_Timer_enablePower)
                  0000155c    00000018     ti_msp_dl_config.o (.text.DL_Timer_reset)
                  00001574    00000018     driverlib.a : dl_timer.o (.text.DL_Timer_setCaptureCompareOutCtl)
                  0000158c    00000018     ti_msp_dl_config.o (.text.DL_UART_enablePower)
                  000015a4    00000018     ti_msp_dl_config.o (.text.DL_UART_reset)
                  000015bc    00000016     ti_msp_dl_config.o (.text.DL_UART_enable)
                  000015d2    00000016     libc.a : copy_zero_init.c.obj (.text:decompress:ZI:__TI_zero_init_nomemset)
                  000015e8    00000014     ti_msp_dl_config.o (.text.DL_GPIO_clearPins)
                  000015fc    00000014     ti_msp_dl_config.o (.text.DL_SYSCTL_disableSYSPLL)
                  00001610    00000014     ti_msp_dl_config.o (.text.DL_Timer_enableClock)
                  00001624    00000014     ti_msp_dl_config.o (.text.DL_Timer_setCCPDirection)
                  00001638    00000014     interrupt.o (.text.DL_UART_receiveData)
                  0000164c    00000014     clock.o (.text.SysTick_Init)
                  00001660    00000012     interrupt.o (.text.DL_UART_getPendingInterrupt)
                  00001672    00000012     driverlib.a : dl_uart.o (.text.DL_UART_setClockConfig)
                  00001684    00000012     libc.a : memcpy16.S.obj (.text:TI_memcpy_small)
                  00001696    00000012            : copy_decompress_none.c.obj (.text:decompress:none)
                  000016a8    00000010     ti_msp_dl_config.o (.text.DL_SYSCTL_disableHFXT)
                  000016b8    00000010     driverlib.a : dl_timer.o (.text.DL_Timer_setCaptureCompareValue)
                  000016c8    00000010     interrupt.o (.text.SysTick_Handler)
                  000016d8    0000000c     interrupt.o (.text.GROUP1_IRQHandler)
                  000016e4    0000000a     driverlib.a : dl_common.o (.text.DL_Common_delayCycles)
                  000016ee    0000000a     key.o (.text.Key_Init)
                  000016f8    00000008     libclang_rt.builtins.a : aeabi_memcpy.S.obj (.text.__aeabi_memcpy)
                  00001700    00000006     libc.a : exit.c.obj (.text:abort)
                  00001706    00000004     startup_mspm0g350x_ticlang.o (.text.Default_Handler)
                  0000170a    00000004     libsysbm.a : hostexit.c.obj (.text.HOSTexit)
                  0000170e    00000004     startup_mspm0g350x_ticlang.o (.text.Reset_Handler)
                  00001712    00000004     libc.a : pre_init.c.obj (.text._system_pre_init)
                  00001716    00000002     --HOLE-- [fill = 0]

.cinit     0    00001760    00000030     
                  00001760    0000000c     (__TI_handler_table)
                  0000176c    00000008     (.cinit..bss.load) [load image, compression = zero_init]
                  00001774    00000008     (.cinit..data.load) [load image, compression = lzss]
                  0000177c    00000010     (__TI_cinit_table)
                  0000178c    00000004     --HOLE-- [fill = 0]

.rodata    0    00001718    00000048     
                  00001718    00000014     ti_msp_dl_config.o (.rodata.gCLOCKTimerConfig)
                  0000172c    0000000a     ti_msp_dl_config.o (.rodata.gUART_0Config)
                  00001736    0000000a     ti_msp_dl_config.o (.rodata.gUART_1Config)
                  00001740    0000000a     ti_msp_dl_config.o (.rodata.gUART_2Config)
                  0000174a    00000002     ti_msp_dl_config.o (.rodata.gUART_0ClockConfig)
                  0000174c    00000008     ti_msp_dl_config.o (.rodata.gPWM_SERVOConfig)
                  00001754    00000003     ti_msp_dl_config.o (.rodata.gCLOCKClockConfig)
                  00001757    00000003     ti_msp_dl_config.o (.rodata.gPWM_SERVOClockConfig)
                  0000175a    00000002     ti_msp_dl_config.o (.rodata.gUART_1ClockConfig)
                  0000175c    00000002     ti_msp_dl_config.o (.rodata.gUART_2ClockConfig)
                  0000175e    00000002     --HOLE-- [fill = 0]

.init_array 
*          0    00000000    00000000     UNINITIALIZED

.binit     0    00000000    00000000     

.bss       0    20200000    00000181     UNINITIALIZED
                  20200000    000000bc     (.common:gCLOCKBackup)
                  202000bc    000000bc     (.common:gPWM_SERVOBackup)
                  20200178    00000004     (.common:start_time)
                  2020017c    00000004     (.common:tick_ms)
                  20200180    00000001     (.common:rx_data)

.data      0    20200184    0000004e     UNINITIALIZED
                  20200184    00000024     main.o (.data.pid_x)
                  202001a8    00000024     main.o (.data.pid_y)
                  202001cc    00000002     servo.o (.data.Servo_Target1)
                  202001ce    00000002     servo.o (.data.Servo_Target2)
                  202001d0    00000001     interrupt.o (.data.enable_group1_irq)
                  202001d1    00000001     interrupt.o (.data.enable_uart_irq)

.stack     0    20207e00    00000200     UNINITIALIZED
                  20207e00    00000004     libc.a : boot_cortex_m.c.obj (.stack)
                  20207e04    000001fc     --HOLE--

__llvm_prf_cnts 
*          0    20200000    00000000     UNINITIALIZED

__llvm_prf_bits 
*          0    20200000    00000000     UNINITIALIZED

MODULE SUMMARY

       Module                         code   ro data   rw data
       ------                         ----   -------   -------
    ./
       ti_msp_dl_config.o             2034   70        376    
       main.o                         160    0         73     
       startup_mspm0g350x_ticlang.o   8      192       0      
    +--+------------------------------+------+---------+---------+
       Total:                         2202   262       449    
                                                              
    ./Drivers/K230_UART/
       K230_UART.o                    28     0         0      
    +--+------------------------------+------+---------+---------+
       Total:                         28     0         0      
                                                              
    ./Drivers/Key/
       key.o                          54     0         0      
    +--+------------------------------+------+---------+---------+
       Total:                         54     0         0      
                                                              
    ./Drivers/MSPM0/
       interrupt.o                    298    0         2      
       clock.o                        280    0         8      
    +--+------------------------------+------+---------+---------+
       Total:                         578    0         10     
                                                              
    ./Drivers/SERVO/
       servo.o                        1000   0         4      
    +--+------------------------------+------+---------+---------+
       Total:                         1000   0         4      
                                                              
    /home/kyunana/ti/ccs2020/ccs/tools/compiler/ti-cgt-armllvm_4.0.3.LTS/lib/armv6m-ti-none-eabi/c/libc.a
       copy_decompress_lzss.c.obj     124    0         0      
       autoinit.c.obj                 60     0         0      
       boot_cortex_m.c.obj            40     0         0      
       copy_zero_init.c.obj           22     0         0      
       copy_decompress_none.c.obj     18     0         0      
       memcpy16.S.obj                 18     0         0      
       exit.c.obj                     6      0         0      
       pre_init.c.obj                 4      0         0      
    +--+------------------------------+------+---------+---------+
       Total:                         292    0         0      
                                                              
    /home/kyunana/ti/ccs2020/ccs/tools/compiler/ti-cgt-armllvm_4.0.3.LTS/lib/armv6m-ti-none-eabi/c/libsysbm.a
       hostexit.c.obj                 4      0         0      
    +--+------------------------------+------+---------+---------+
       Total:                         4      0         0      
                                                              
    /home/kyunana/ti/ccs2020/ccs/tools/compiler/ti-cgt-armllvm_4.0.3.LTS/lib/armv6m-ti-none-eabi/libclang_rt.builtins.a
       addsf3.S.obj                   216    0         0      
       mulsf3.S.obj                   140    0         0      
       divsf3.S.obj                   130    0         0      
       comparesf2.S.obj               118    0         0      
       aeabi_fcmp.S.obj               98     0         0      
       muldsi3.S.obj                  58     0         0      
       fixsfsi.S.obj                  56     0         0      
       aeabi_memcpy.S.obj             8      0         0      
    +--+------------------------------+------+---------+---------+
       Total:                         824    0         0      
                                                              
    /home/kyunana/ti/mspm0_sdk_2_05_01_00/source/ti/driverlib/lib/ticlang/m0p/mspm0g1x0x_g3x0x/driverlib.a
       dl_timer.o                     588    0         0      
       dl_uart.o                      122    0         0      
       dl_common.o                    10     0         0      
    +--+------------------------------+------+---------+---------+
       Total:                         720    0         0      
                                                              
       Stack:                         0      0         512    
       Linker Generated:              0      44        0      
    +--+------------------------------+------+---------+---------+
       Grand Total:                   5702   306       975    


LINKER GENERATED COPY TABLES

__TI_cinit_table @ 0000177c records: 2, size/record: 8, table size: 16
	.bss: load addr=0000176c, load size=00000008 bytes, run addr=20200000, run size=00000181 bytes, compression=zero_init
	.data: load addr=00001774, load size=00000008 bytes, run addr=20200184, run size=0000004e bytes, compression=lzss


LINKER GENERATED HANDLER TABLE

__TI_handler_table @ 00001760 records: 3, size/record: 4, table size: 12
	index: 0, handler: __TI_decompress_lzss
	index: 1, handler: __TI_decompress_none
	index: 2, handler: __TI_zero_init


GLOBAL SYMBOLS: SORTED ALPHABETICALLY BY Name 

address   name                            
-------   ----                            
00001707  ADC0_IRQHandler                 
00001707  ADC1_IRQHandler                 
00001707  AES_IRQHandler                  
0000170a  C$$EXIT                         
00001707  CANFD0_IRQHandler               
00001707  DAC0_IRQHandler                 
000016e5  DL_Common_delayCycles           
000001f1  DL_Timer_initFourCCPWMMode      
000002f5  DL_Timer_initTimerMode          
0000145d  DL_Timer_setCaptCompUpdateMethod
00001575  DL_Timer_setCaptureCompareOutCtl
000016b9  DL_Timer_setCaptureCompareValue 
00001479  DL_Timer_setClockConfig         
00000e41  DL_UART_init                    
00001673  DL_UART_setClockConfig          
0000133d  DL_UART_transmitDataBlocking    
00001707  DMA_IRQHandler                  
00001707  Default_Handler                 
00001707  GROUP0_IRQHandler               
000016d9  GROUP1_IRQHandler               
0000170b  HOSTexit                        
00001707  HardFault_Handler               
00001707  I2C0_IRQHandler                 
00001707  I2C1_IRQHandler                 
00000f89  Interrupt_Init                  
000016ef  Key_Init                        
00000b01  Map_Coordinate_To_Angle         
00001707  NMI_Handler                     
000003dd  PID_Calculate                   
00000e89  PID_Init                        
00001707  PendSV_Handler                  
00001707  RTC_IRQHandler                  
0000170f  Reset_Handler                   
00001707  SPI0_IRQHandler                 
00001707  SPI1_IRQHandler                 
00001707  SVC_Handler                     
00000ecd  SYSCFG_DL_CLOCK_init            
000000c1  SYSCFG_DL_GPIO_init             
000006cd  SYSCFG_DL_PWM_SERVO_init        
00001191  SYSCFG_DL_SYSCTL_init           
00000ca9  SYSCFG_DL_UART_0_init           
00000cfd  SYSCFG_DL_UART_1_init           
00000d51  SYSCFG_DL_UART_2_init           
000010b5  SYSCFG_DL_init                  
00000759  SYSCFG_DL_initPower             
000012f9  Servo_Init                      
00000b79  Servo_Limitation                
202001cc  Servo_Target1                   
202001ce  Servo_Target2                   
00000871  Set_Servo_Angle                 
000016c9  SysTick_Handler                 
0000164d  SysTick_Init                    
00001707  TIMA0_IRQHandler                
00001707  TIMA1_IRQHandler                
00001707  TIMG0_IRQHandler                
00001707  TIMG12_IRQHandler               
00001707  TIMG6_IRQHandler                
00001707  TIMG7_IRQHandler                
00001707  TIMG8_IRQHandler                
00001685  TI_memcpy_small                 
000010ed  UART0_IRQHandler                
00001707  UART1_IRQHandler                
00001707  UART2_IRQHandler                
00001707  UART3_IRQHandler                
000014b1  UART_0_Send_Char                
00000635  Update_Servo_Position           
20208000  __STACK_END                     
00000200  __STACK_SIZE                    
00000000  __TI_ATRegion0_region_sz        
00000000  __TI_ATRegion0_src_addr         
00000000  __TI_ATRegion0_trg_addr         
00000000  __TI_ATRegion1_region_sz        
00000000  __TI_ATRegion1_src_addr         
00000000  __TI_ATRegion1_trg_addr         
00000000  __TI_ATRegion2_region_sz        
00000000  __TI_ATRegion2_src_addr         
00000000  __TI_ATRegion2_trg_addr         
0000177c  __TI_CINIT_Base                 
0000178c  __TI_CINIT_Limit                
0000178c  __TI_CINIT_Warm                 
00001760  __TI_Handler_Table_Base         
0000176c  __TI_Handler_Table_Limit        
00001001  __TI_auto_init_nobinit_nopinit  
00000a85  __TI_decompress_lzss            
00001697  __TI_decompress_none            
ffffffff  __TI_pprof_out_hndl             
ffffffff  __TI_prof_data_size             
ffffffff  __TI_prof_data_start            
00000000  __TI_static_base__              
000015d3  __TI_zero_init_nomemset         
000004c7  __addsf3                        
00001125  __aeabi_f2iz                    
000004c7  __aeabi_fadd                    
00000be9  __aeabi_fcmpeq                  
00000c25  __aeabi_fcmpge                  
00000c39  __aeabi_fcmpgt                  
00000c11  __aeabi_fcmple                  
00000bfd  __aeabi_fcmplt                  
00000a01  __aeabi_fdiv                    
000007e5  __aeabi_fmul                    
000004bd  __aeabi_fsub                    
000016f9  __aeabi_memcpy                  
000016f9  __aeabi_memcpy4                 
000016f9  __aeabi_memcpy8                 
ffffffff  __binit__                       
0000103d  __cmpsf2                        
00000a01  __divsf3                        
0000103d  __eqsf2                         
00001125  __fixsfsi                       
00000fc5  __gesf2                         
00000fc5  __gtsf2                         
0000103d  __lesf2                         
0000103d  __ltsf2                         
UNDEFED   __mpu_init                      
00001079  __muldsi3                       
000007e5  __mulsf3                        
0000103d  __nesf2                         
20207e00  __stack                         
20200000  __start___llvm_prf_bits         
20200000  __start___llvm_prf_cnts         
20200000  __stop___llvm_prf_bits          
20200000  __stop___llvm_prf_cnts          
000004bd  __subsf3                        
000012d1  _c_int00_noargs                 
UNDEFED   _system_post_cinit              
00001713  _system_pre_init                
00001701  abort                           
ffffffff  binit                           
202001d0  enable_group1_irq               
202001d1  enable_uart_irq                 
20200000  gCLOCKBackup                    
202000bc  gPWM_SERVOBackup                
00000000  interruptVectors                
00000595  main                            
000011f5  mspm0_delay_ms                  
20200184  pid_x                           
202001a8  pid_y                           
20200180  rx_data                         
20200178  start_time                      
2020017c  tick_ms                         


GLOBAL SYMBOLS: SORTED BY Symbol Address 

address   name                            
-------   ----                            
00000000  __TI_ATRegion0_region_sz        
00000000  __TI_ATRegion0_src_addr         
00000000  __TI_ATRegion0_trg_addr         
00000000  __TI_ATRegion1_region_sz        
00000000  __TI_ATRegion1_src_addr         
00000000  __TI_ATRegion1_trg_addr         
00000000  __TI_ATRegion2_region_sz        
00000000  __TI_ATRegion2_src_addr         
00000000  __TI_ATRegion2_trg_addr         
00000000  __TI_static_base__              
00000000  interruptVectors                
000000c1  SYSCFG_DL_GPIO_init             
000001f1  DL_Timer_initFourCCPWMMode      
00000200  __STACK_SIZE                    
000002f5  DL_Timer_initTimerMode          
000003dd  PID_Calculate                   
000004bd  __aeabi_fsub                    
000004bd  __subsf3                        
000004c7  __addsf3                        
000004c7  __aeabi_fadd                    
00000595  main                            
00000635  Update_Servo_Position           
000006cd  SYSCFG_DL_PWM_SERVO_init        
00000759  SYSCFG_DL_initPower             
000007e5  __aeabi_fmul                    
000007e5  __mulsf3                        
00000871  Set_Servo_Angle                 
00000a01  __aeabi_fdiv                    
00000a01  __divsf3                        
00000a85  __TI_decompress_lzss            
00000b01  Map_Coordinate_To_Angle         
00000b79  Servo_Limitation                
00000be9  __aeabi_fcmpeq                  
00000bfd  __aeabi_fcmplt                  
00000c11  __aeabi_fcmple                  
00000c25  __aeabi_fcmpge                  
00000c39  __aeabi_fcmpgt                  
00000ca9  SYSCFG_DL_UART_0_init           
00000cfd  SYSCFG_DL_UART_1_init           
00000d51  SYSCFG_DL_UART_2_init           
00000e41  DL_UART_init                    
00000e89  PID_Init                        
00000ecd  SYSCFG_DL_CLOCK_init            
00000f89  Interrupt_Init                  
00000fc5  __gesf2                         
00000fc5  __gtsf2                         
00001001  __TI_auto_init_nobinit_nopinit  
0000103d  __cmpsf2                        
0000103d  __eqsf2                         
0000103d  __lesf2                         
0000103d  __ltsf2                         
0000103d  __nesf2                         
00001079  __muldsi3                       
000010b5  SYSCFG_DL_init                  
000010ed  UART0_IRQHandler                
00001125  __aeabi_f2iz                    
00001125  __fixsfsi                       
00001191  SYSCFG_DL_SYSCTL_init           
000011f5  mspm0_delay_ms                  
000012d1  _c_int00_noargs                 
000012f9  Servo_Init                      
0000133d  DL_UART_transmitDataBlocking    
0000145d  DL_Timer_setCaptCompUpdateMethod
00001479  DL_Timer_setClockConfig         
000014b1  UART_0_Send_Char                
00001575  DL_Timer_setCaptureCompareOutCtl
000015d3  __TI_zero_init_nomemset         
0000164d  SysTick_Init                    
00001673  DL_UART_setClockConfig          
00001685  TI_memcpy_small                 
00001697  __TI_decompress_none            
000016b9  DL_Timer_setCaptureCompareValue 
000016c9  SysTick_Handler                 
000016d9  GROUP1_IRQHandler               
000016e5  DL_Common_delayCycles           
000016ef  Key_Init                        
000016f9  __aeabi_memcpy                  
000016f9  __aeabi_memcpy4                 
000016f9  __aeabi_memcpy8                 
00001701  abort                           
00001707  ADC0_IRQHandler                 
00001707  ADC1_IRQHandler                 
00001707  AES_IRQHandler                  
00001707  CANFD0_IRQHandler               
00001707  DAC0_IRQHandler                 
00001707  DMA_IRQHandler                  
00001707  Default_Handler                 
00001707  GROUP0_IRQHandler               
00001707  HardFault_Handler               
00001707  I2C0_IRQHandler                 
00001707  I2C1_IRQHandler                 
00001707  NMI_Handler                     
00001707  PendSV_Handler                  
00001707  RTC_IRQHandler                  
00001707  SPI0_IRQHandler                 
00001707  SPI1_IRQHandler                 
00001707  SVC_Handler                     
00001707  TIMA0_IRQHandler                
00001707  TIMA1_IRQHandler                
00001707  TIMG0_IRQHandler                
00001707  TIMG12_IRQHandler               
00001707  TIMG6_IRQHandler                
00001707  TIMG7_IRQHandler                
00001707  TIMG8_IRQHandler                
00001707  UART1_IRQHandler                
00001707  UART2_IRQHandler                
00001707  UART3_IRQHandler                
0000170a  C$$EXIT                         
0000170b  HOSTexit                        
0000170f  Reset_Handler                   
00001713  _system_pre_init                
00001760  __TI_Handler_Table_Base         
0000176c  __TI_Handler_Table_Limit        
0000177c  __TI_CINIT_Base                 
0000178c  __TI_CINIT_Limit                
0000178c  __TI_CINIT_Warm                 
20200000  __start___llvm_prf_bits         
20200000  __start___llvm_prf_cnts         
20200000  __stop___llvm_prf_bits          
20200000  __stop___llvm_prf_cnts          
20200000  gCLOCKBackup                    
202000bc  gPWM_SERVOBackup                
20200178  start_time                      
2020017c  tick_ms                         
20200180  rx_data                         
20200184  pid_x                           
202001a8  pid_y                           
202001cc  Servo_Target1                   
202001ce  Servo_Target2                   
202001d0  enable_group1_irq               
202001d1  enable_uart_irq                 
20207e00  __stack                         
20208000  __STACK_END                     
ffffffff  __TI_pprof_out_hndl             
ffffffff  __TI_prof_data_size             
ffffffff  __TI_prof_data_start            
ffffffff  __binit__                       
ffffffff  binit                           
UNDEFED   __mpu_init                      
UNDEFED   _system_post_cinit              

[140 symbols]
